21:42:14 **** Incremental Build of configuration Debug for project TestingSD_bsp_xspi_polled_example_1 ****
make all 
make: Nothing to be done for `all'.
21:42:23 **** Incremental Build of configuration Debug for project TestingSD_bsp_xspi_polled_example_1 ****
make all 
make: Nothing to be done for `all'.
21:43:37 **** Auto Build of configuration Debug for project TestingSD_bsp_xspi_polled_example_1 ****
make all 
Building file: ../src/spi_io.c
Invoking: MicroBlaze gcc compiler
mb-gcc -Wall -O0 -g3 -c -fmessage-length=0 -MT"src/spi_io.o" -I../../TestingSD_bsp/microblaze_0/include -mlittle-endian -mcpu=v10.0 -mxl-soft-mul -Wl,--no-relax -MMD -MP -MF"src/spi_io.d" -MT"src/spi_io.o" -o "src/spi_io.o" "../src/spi_io.c"
In file included from ../../TestingSD_bsp/microblaze_0/include/xspi.h:306:0,
                 from ../src/spi_io.c:3:
../src/spi_io.c: In function 'SPI_Init':
../../TestingSD_bsp/microblaze_0/include/xstatus.h:60:41: warning: 'return' with a value, in function returning void
 #define XST_FAILURE                     1L
                                         ^
../src/spi_io.c:36:10: note: in expansion of macro 'XST_FAILURE'
   return XST_FAILURE;
          ^
Finished building: ../src/spi_io.c
 
Building target: TestingSD_bsp_xspi_polled_example_1.elf
Invoking: MicroBlaze gcc linker
mb-gcc -Wl,-T -Wl,../src/lscript.ld -L../../TestingSD_bsp/microblaze_0/lib -mlittle-endian -mcpu=v10.0 -mxl-soft-mul -Wl,--no-relax -o "TestingSD_bsp_xspi_polled_example_1.elf"  ./src/sd_io.o ./src/spi_io.o ./src/xspi_polled_example.o   -Wl,--start-group,-lxil,-lgcc,-lc,--end-group
Finished building target: TestingSD_bsp_xspi_polled_example_1.elf
 
Invoking: MicroBlaze Print Size
mb-size TestingSD_bsp_xspi_polled_example_1.elf  |tee "TestingSD_bsp_xspi_polled_example_1.elf.size"
   text	   data	    bss	    dec	    hex	filename
  15632	    336	   3280	  19248	   4b30	TestingSD_bsp_xspi_polled_example_1.elf
Finished building: TestingSD_bsp_xspi_polled_example_1.elf.size
 
21:43:42 **** Incremental Build of configuration Debug for project TestingSD_bsp_xspi_polled_example_1 ****
make all 
make: Nothing to be done for `all'.
21:45:35 **** Incremental Build of configuration Debug for project TestingSD_bsp_xspi_polled_example_1 ****
make all 
make: Nothing to be done for `all'.
21:49:13 **** Auto Build of configuration Debug for project TestingSD_bsp_xspi_polled_example_1 ****
make all 
Building file: ../src/sd_io.c
Invoking: MicroBlaze gcc compiler
mb-gcc -Wall -O0 -g3 -c -fmessage-length=0 -MT"src/sd_io.o" -I../../TestingSD_bsp/microblaze_0/include -mlittle-endian -mcpu=v10.0 -mxl-soft-mul -Wl,--no-relax -MMD -MP -MF"src/sd_io.d" -MT"src/sd_io.o" -o "src/sd_io.o" "../src/sd_io.c"
Finished building: ../src/sd_io.c
 
Building target: TestingSD_bsp_xspi_polled_example_1.elf
Invoking: MicroBlaze gcc linker
mb-gcc -Wl,-T -Wl,../src/lscript.ld -L../../TestingSD_bsp/microblaze_0/lib -mlittle-endian -mcpu=v10.0 -mxl-soft-mul -Wl,--no-relax -o "TestingSD_bsp_xspi_polled_example_1.elf"  ./src/sd_io.o ./src/spi_io.o ./src/xspi_polled_example.o   -Wl,--start-group,-lxil,-lgcc,-lc,--end-group
Finished building target: TestingSD_bsp_xspi_polled_example_1.elf
 
Invoking: MicroBlaze Print Size
mb-size TestingSD_bsp_xspi_polled_example_1.elf  |tee "TestingSD_bsp_xspi_polled_example_1.elf.size"
   text	   data	    bss	    dec	    hex	filename
  15284	    336	   3284	  18904	   49d8	TestingSD_bsp_xspi_polled_example_1.elf
Finished building: TestingSD_bsp_xspi_polled_example_1.elf.size
 
21:49:17 **** Incremental Build of configuration Debug for project TestingSD_bsp_xspi_polled_example_1 ****
make all 
make: Nothing to be done for `all'.
21:55:02 **** Auto Build of configuration Debug for project TestingSD_bsp_xspi_polled_example_1 ****
make all 
Building file: ../src/spi_io.c
Invoking: MicroBlaze gcc compiler
mb-gcc -Wall -O0 -g3 -c -fmessage-length=0 -MT"src/spi_io.o" -I../../TestingSD_bsp/microblaze_0/include -mlittle-endian -mcpu=v10.0 -mxl-soft-mul -Wl,--no-relax -MMD -MP -MF"src/spi_io.d" -MT"src/spi_io.o" -o "src/spi_io.o" "../src/spi_io.c"
In file included from ../../TestingSD_bsp/microblaze_0/include/xspi.h:306:0,
                 from ../src/spi_io.c:3:
../src/spi_io.c: In function 'SPI_Init':
../../TestingSD_bsp/microblaze_0/include/xstatus.h:60:41: warning: 'return' with a value, in function returning void
 #define XST_FAILURE                     1L
                                         ^
../src/spi_io.c:36:10: note: in expansion of macro 'XST_FAILURE'
   return XST_FAILURE;
          ^
Finished building: ../src/spi_io.c
 
Building target: TestingSD_bsp_xspi_polled_example_1.elf
Invoking: MicroBlaze gcc linker
mb-gcc -Wl,-T -Wl,../src/lscript.ld -L../../TestingSD_bsp/microblaze_0/lib -mlittle-endian -mcpu=v10.0 -mxl-soft-mul -Wl,--no-relax -o "TestingSD_bsp_xspi_polled_example_1.elf"  ./src/sd_io.o ./src/spi_io.o ./src/xspi_polled_example.o   -Wl,--start-group,-lxil,-lgcc,-lc,--end-group
../../TestingSD_bsp/microblaze_0/lib/libxil.a(xspi.o): In function `XSpi_Transfer':
/home/catus/quicksdcard/quicksdcard.sdk/TestingSD_bsp/microblaze_0/libsrc/spi_v4_2/src/xspi.c:534: multiple definition of `XSpi_Transfer'
./src/spi_io.o:/home/catus/quicksdcard/quicksdcard.sdk/TestingSD_bsp_xspi_polled_example_1/Debug/../src/spi_io.c:63: first defined here
collect2: error: ld returned 1 exit status
make: *** [TestingSD_bsp_xspi_polled_example_1.elf] Error 1
21:55:10 **** Auto Build of configuration Debug for project TestingSD_bsp_xspi_polled_example_1 ****
make all 
Building file: ../src/spi_io.c
Invoking: MicroBlaze gcc compiler
mb-gcc -Wall -O0 -g3 -c -fmessage-length=0 -MT"src/spi_io.o" -I../../TestingSD_bsp/microblaze_0/include -mlittle-endian -mcpu=v10.0 -mxl-soft-mul -Wl,--no-relax -MMD -MP -MF"src/spi_io.d" -MT"src/spi_io.o" -o "src/spi_io.o" "../src/spi_io.c"
In file included from ../../TestingSD_bsp/microblaze_0/include/xspi.h:306:0,
                 from ../src/spi_io.c:3:
../src/spi_io.c: In function 'SPI_Init':
../../TestingSD_bsp/microblaze_0/include/xstatus.h:60:41: warning: 'return' with a value, in function returning void
 #define XST_FAILURE                     1L
                                         ^
../src/spi_io.c:36:10: note: in expansion of macro 'XST_FAILURE'
   return XST_FAILURE;
          ^
Finished building: ../src/spi_io.c
 
Building target: TestingSD_bsp_xspi_polled_example_1.elf
Invoking: MicroBlaze gcc linker
mb-gcc -Wl,-T -Wl,../src/lscript.ld -L../../TestingSD_bsp/microblaze_0/lib -mlittle-endian -mcpu=v10.0 -mxl-soft-mul -Wl,--no-relax -o "TestingSD_bsp_xspi_polled_example_1.elf"  ./src/sd_io.o ./src/spi_io.o ./src/xspi_polled_example.o   -Wl,--start-group,-lxil,-lgcc,-lc,--end-group
../../TestingSD_bsp/microblaze_0/lib/libxil.a(xspi.o): In function `XSpi_Transfer':
/home/catus/quicksdcard/quicksdcard.sdk/TestingSD_bsp/microblaze_0/libsrc/spi_v4_2/src/xspi.c:534: multiple definition of `XSpi_Transfer'
./src/spi_io.o:/home/catus/quicksdcard/quicksdcard.sdk/TestingSD_bsp_xspi_polled_example_1/Debug/../src/spi_io.c:63: first defined here
collect2: error: ld returned 1 exit status
make: *** [TestingSD_bsp_xspi_polled_example_1.elf] Error 1
21:55:21 **** Auto Build of configuration Debug for project TestingSD_bsp_xspi_polled_example_1 ****
make all 
Building file: ../src/spi_io.c
Invoking: MicroBlaze gcc compiler
mb-gcc -Wall -O0 -g3 -c -fmessage-length=0 -MT"src/spi_io.o" -I../../TestingSD_bsp/microblaze_0/include -mlittle-endian -mcpu=v10.0 -mxl-soft-mul -Wl,--no-relax -MMD -MP -MF"src/spi_io.d" -MT"src/spi_io.o" -o "src/spi_io.o" "../src/spi_io.c"
In file included from ../../TestingSD_bsp/microblaze_0/include/xspi.h:306:0,
                 from ../src/spi_io.c:3:
../src/spi_io.c: In function 'SPI_Init':
../../TestingSD_bsp/microblaze_0/include/xstatus.h:60:41: warning: 'return' with a value, in function returning void
 #define XST_FAILURE                     1L
                                         ^
../src/spi_io.c:36:10: note: in expansion of macro 'XST_FAILURE'
   return XST_FAILURE;
          ^
Finished building: ../src/spi_io.c
 
Building target: TestingSD_bsp_xspi_polled_example_1.elf
Invoking: MicroBlaze gcc linker
mb-gcc -Wl,-T -Wl,../src/lscript.ld -L../../TestingSD_bsp/microblaze_0/lib -mlittle-endian -mcpu=v10.0 -mxl-soft-mul -Wl,--no-relax -o "TestingSD_bsp_xspi_polled_example_1.elf"  ./src/sd_io.o ./src/spi_io.o ./src/xspi_polled_example.o   -Wl,--start-group,-lxil,-lgcc,-lc,--end-group
Finished building target: TestingSD_bsp_xspi_polled_example_1.elf
 
Invoking: MicroBlaze Print Size
mb-size TestingSD_bsp_xspi_polled_example_1.elf  |tee "TestingSD_bsp_xspi_polled_example_1.elf.size"
   text	   data	    bss	    dec	    hex	filename
  17596	    336	   3284	  21216	   52e0	TestingSD_bsp_xspi_polled_example_1.elf
Finished building: TestingSD_bsp_xspi_polled_example_1.elf.size
 
21:55:28 **** Auto Build of configuration Debug for project TestingSD_bsp_xspi_polled_example_1 ****
make all 
Building file: ../src/spi_io.c
Invoking: MicroBlaze gcc compiler
mb-gcc -Wall -O0 -g3 -c -fmessage-length=0 -MT"src/spi_io.o" -I../../TestingSD_bsp/microblaze_0/include -mlittle-endian -mcpu=v10.0 -mxl-soft-mul -Wl,--no-relax -MMD -MP -MF"src/spi_io.d" -MT"src/spi_io.o" -o "src/spi_io.o" "../src/spi_io.c"
In file included from ../../TestingSD_bsp/microblaze_0/include/xspi.h:306:0,
                 from ../src/spi_io.c:3:
../src/spi_io.c: In function 'SPI_Init':
../../TestingSD_bsp/microblaze_0/include/xstatus.h:60:41: warning: 'return' with a value, in function returning void
 #define XST_FAILURE                     1L
                                         ^
../src/spi_io.c:36:10: note: in expansion of macro 'XST_FAILURE'
   return XST_FAILURE;
          ^
Finished building: ../src/spi_io.c
 
Building target: TestingSD_bsp_xspi_polled_example_1.elf
Invoking: MicroBlaze gcc linker
mb-gcc -Wl,-T -Wl,../src/lscript.ld -L../../TestingSD_bsp/microblaze_0/lib -mlittle-endian -mcpu=v10.0 -mxl-soft-mul -Wl,--no-relax -o "TestingSD_bsp_xspi_polled_example_1.elf"  ./src/sd_io.o ./src/spi_io.o ./src/xspi_polled_example.o   -Wl,--start-group,-lxil,-lgcc,-lc,--end-group
Finished building target: TestingSD_bsp_xspi_polled_example_1.elf
 
Invoking: MicroBlaze Print Size
mb-size TestingSD_bsp_xspi_polled_example_1.elf  |tee "TestingSD_bsp_xspi_polled_example_1.elf.size"
   text	   data	    bss	    dec	    hex	filename
  17592	    336	   3280	  21208	   52d8	TestingSD_bsp_xspi_polled_example_1.elf
Finished building: TestingSD_bsp_xspi_polled_example_1.elf.size
 
21:55:47 **** Auto Build of configuration Debug for project TestingSD_bsp_xspi_polled_example_1 ****
make all 
Building file: ../src/spi_io.c
Invoking: MicroBlaze gcc compiler
mb-gcc -Wall -O0 -g3 -c -fmessage-length=0 -MT"src/spi_io.o" -I../../TestingSD_bsp/microblaze_0/include -mlittle-endian -mcpu=v10.0 -mxl-soft-mul -Wl,--no-relax -MMD -MP -MF"src/spi_io.d" -MT"src/spi_io.o" -o "src/spi_io.o" "../src/spi_io.c"
In file included from ../../TestingSD_bsp/microblaze_0/include/xspi.h:306:0,
                 from ../src/spi_io.c:3:
../src/spi_io.c: In function 'SPI_Init':
../../TestingSD_bsp/microblaze_0/include/xstatus.h:60:41: warning: 'return' with a value, in function returning void
 #define XST_FAILURE                     1L
                                         ^
../src/spi_io.c:36:10: note: in expansion of macro 'XST_FAILURE'
   return XST_FAILURE;
          ^
Finished building: ../src/spi_io.c
 
Building target: TestingSD_bsp_xspi_polled_example_1.elf
Invoking: MicroBlaze gcc linker
mb-gcc -Wl,-T -Wl,../src/lscript.ld -L../../TestingSD_bsp/microblaze_0/lib -mlittle-endian -mcpu=v10.0 -mxl-soft-mul -Wl,--no-relax -o "TestingSD_bsp_xspi_polled_example_1.elf"  ./src/sd_io.o ./src/spi_io.o ./src/xspi_polled_example.o   -Wl,--start-group,-lxil,-lgcc,-lc,--end-group
Finished building target: TestingSD_bsp_xspi_polled_example_1.elf
 
Invoking: MicroBlaze Print Size
mb-size TestingSD_bsp_xspi_polled_example_1.elf  |tee "TestingSD_bsp_xspi_polled_example_1.elf.size"
   text	   data	    bss	    dec	    hex	filename
  17576	    336	   3280	  21192	   52c8	TestingSD_bsp_xspi_polled_example_1.elf
Finished building: TestingSD_bsp_xspi_polled_example_1.elf.size
 
21:55:51 **** Incremental Build of configuration Debug for project TestingSD_bsp_xspi_polled_example_1 ****
make all 
make: Nothing to be done for `all'.
21:56:49 **** Auto Build of configuration Debug for project TestingSD_bsp_xspi_polled_example_1 ****
make all 
Building file: ../src/spi_io.c
Invoking: MicroBlaze gcc compiler
mb-gcc -Wall -O0 -g3 -c -fmessage-length=0 -MT"src/spi_io.o" -I../../TestingSD_bsp/microblaze_0/include -mlittle-endian -mcpu=v10.0 -mxl-soft-mul -Wl,--no-relax -MMD -MP -MF"src/spi_io.d" -MT"src/spi_io.o" -o "src/spi_io.o" "../src/spi_io.c"
In file included from ../../TestingSD_bsp/microblaze_0/include/xspi.h:306:0,
                 from ../src/spi_io.c:3:
../src/spi_io.c: In function 'SPI_Init':
../../TestingSD_bsp/microblaze_0/include/xstatus.h:60:41: warning: 'return' with a value, in function returning void
 #define XST_FAILURE                     1L
                                         ^
../src/spi_io.c:36:10: note: in expansion of macro 'XST_FAILURE'
   return XST_FAILURE;
          ^
Finished building: ../src/spi_io.c
 
Building target: TestingSD_bsp_xspi_polled_example_1.elf
Invoking: MicroBlaze gcc linker
mb-gcc -Wl,-T -Wl,../src/lscript.ld -L../../TestingSD_bsp/microblaze_0/lib -mlittle-endian -mcpu=v10.0 -mxl-soft-mul -Wl,--no-relax -o "TestingSD_bsp_xspi_polled_example_1.elf"  ./src/sd_io.o ./src/spi_io.o ./src/xspi_polled_example.o   -Wl,--start-group,-lxil,-lgcc,-lc,--end-group
Finished building target: TestingSD_bsp_xspi_polled_example_1.elf
 
Invoking: MicroBlaze Print Size
mb-size TestingSD_bsp_xspi_polled_example_1.elf  |tee "TestingSD_bsp_xspi_polled_example_1.elf.size"
   text	   data	    bss	    dec	    hex	filename
  17568	    336	   3280	  21184	   52c0	TestingSD_bsp_xspi_polled_example_1.elf
Finished building: TestingSD_bsp_xspi_polled_example_1.elf.size
 
21:56:54 **** Incremental Build of configuration Debug for project TestingSD_bsp_xspi_polled_example_1 ****
make all 
make: Nothing to be done for `all'.
21:59:13 **** Incremental Build of configuration Debug for project TestingSD_bsp_xspi_polled_example_1 ****
make all 
make: Nothing to be done for `all'.
22:00:43 **** Auto Build of configuration Debug for project TestingSD_bsp_xspi_polled_example_1 ****
make all 
Building file: ../src/spi_io.c
Invoking: MicroBlaze gcc compiler
mb-gcc -Wall -O0 -g3 -c -fmessage-length=0 -MT"src/spi_io.o" -I../../TestingSD_bsp/microblaze_0/include -mlittle-endian -mcpu=v10.0 -mxl-soft-mul -Wl,--no-relax -MMD -MP -MF"src/spi_io.d" -MT"src/spi_io.o" -o "src/spi_io.o" "../src/spi_io.c"
In file included from ../../TestingSD_bsp/microblaze_0/include/xspi.h:306:0,
                 from ../src/spi_io.c:3:
../src/spi_io.c: In function 'SPI_Init':
../../TestingSD_bsp/microblaze_0/include/xstatus.h:60:41: warning: 'return' with a value, in function returning void
 #define XST_FAILURE                     1L
                                         ^
../src/spi_io.c:36:10: note: in expansion of macro 'XST_FAILURE'
   return XST_FAILURE;
          ^
Finished building: ../src/spi_io.c
 
Building target: TestingSD_bsp_xspi_polled_example_1.elf
Invoking: MicroBlaze gcc linker
mb-gcc -Wl,-T -Wl,../src/lscript.ld -L../../TestingSD_bsp/microblaze_0/lib -mlittle-endian -mcpu=v10.0 -mxl-soft-mul -Wl,--no-relax -o "TestingSD_bsp_xspi_polled_example_1.elf"  ./src/sd_io.o ./src/spi_io.o ./src/xspi_polled_example.o   -Wl,--start-group,-lxil,-lgcc,-lc,--end-group
Finished building target: TestingSD_bsp_xspi_polled_example_1.elf
 
Invoking: MicroBlaze Print Size
mb-size TestingSD_bsp_xspi_polled_example_1.elf  |tee "TestingSD_bsp_xspi_polled_example_1.elf.size"
   text	   data	    bss	    dec	    hex	filename
  17592	    336	   3280	  21208	   52d8	TestingSD_bsp_xspi_polled_example_1.elf
Finished building: TestingSD_bsp_xspi_polled_example_1.elf.size
 
22:00:49 **** Auto Build of configuration Debug for project TestingSD_bsp_xspi_polled_example_1 ****
make all 
Building file: ../src/spi_io.c
Invoking: MicroBlaze gcc compiler
mb-gcc -Wall -O0 -g3 -c -fmessage-length=0 -MT"src/spi_io.o" -I../../TestingSD_bsp/microblaze_0/include -mlittle-endian -mcpu=v10.0 -mxl-soft-mul -Wl,--no-relax -MMD -MP -MF"src/spi_io.d" -MT"src/spi_io.o" -o "src/spi_io.o" "../src/spi_io.c"
In file included from ../../TestingSD_bsp/microblaze_0/include/xspi.h:306:0,
                 from ../src/spi_io.c:3:
../src/spi_io.c: In function 'SPI_Init':
../../TestingSD_bsp/microblaze_0/include/xstatus.h:60:41: warning: 'return' with a value, in function returning void
 #define XST_FAILURE                     1L
                                         ^
../src/spi_io.c:36:10: note: in expansion of macro 'XST_FAILURE'
   return XST_FAILURE;
          ^
Finished building: ../src/spi_io.c
 
Building target: TestingSD_bsp_xspi_polled_example_1.elf
Invoking: MicroBlaze gcc linker
mb-gcc -Wl,-T -Wl,../src/lscript.ld -L../../TestingSD_bsp/microblaze_0/lib -mlittle-endian -mcpu=v10.0 -mxl-soft-mul -Wl,--no-relax -o "TestingSD_bsp_xspi_polled_example_1.elf"  ./src/sd_io.o ./src/spi_io.o ./src/xspi_polled_example.o   -Wl,--start-group,-lxil,-lgcc,-lc,--end-group
Finished building target: TestingSD_bsp_xspi_polled_example_1.elf
 
Invoking: MicroBlaze Print Size
mb-size TestingSD_bsp_xspi_polled_example_1.elf  |tee "TestingSD_bsp_xspi_polled_example_1.elf.size"
   text	   data	    bss	    dec	    hex	filename
  17616	    336	   3280	  21232	   52f0	TestingSD_bsp_xspi_polled_example_1.elf
Finished building: TestingSD_bsp_xspi_polled_example_1.elf.size
 
22:00:59 **** Auto Build of configuration Debug for project TestingSD_bsp_xspi_polled_example_1 ****
make all 
Building file: ../src/spi_io.c
Invoking: MicroBlaze gcc compiler
mb-gcc -Wall -O0 -g3 -c -fmessage-length=0 -MT"src/spi_io.o" -I../../TestingSD_bsp/microblaze_0/include -mlittle-endian -mcpu=v10.0 -mxl-soft-mul -Wl,--no-relax -MMD -MP -MF"src/spi_io.d" -MT"src/spi_io.o" -o "src/spi_io.o" "../src/spi_io.c"
In file included from ../../TestingSD_bsp/microblaze_0/include/xspi.h:306:0,
                 from ../src/spi_io.c:3:
../src/spi_io.c: In function 'SPI_Init':
../../TestingSD_bsp/microblaze_0/include/xstatus.h:60:41: warning: 'return' with a value, in function returning void
 #define XST_FAILURE                     1L
                                         ^
../src/spi_io.c:36:10: note: in expansion of macro 'XST_FAILURE'
   return XST_FAILURE;
          ^
Finished building: ../src/spi_io.c
 
Building target: TestingSD_bsp_xspi_polled_example_1.elf
Invoking: MicroBlaze gcc linker
mb-gcc -Wl,-T -Wl,../src/lscript.ld -L../../TestingSD_bsp/microblaze_0/lib -mlittle-endian -mcpu=v10.0 -mxl-soft-mul -Wl,--no-relax -o "TestingSD_bsp_xspi_polled_example_1.elf"  ./src/sd_io.o ./src/spi_io.o ./src/xspi_polled_example.o   -Wl,--start-group,-lxil,-lgcc,-lc,--end-group
Finished building target: TestingSD_bsp_xspi_polled_example_1.elf
 
Invoking: MicroBlaze Print Size
mb-size TestingSD_bsp_xspi_polled_example_1.elf  |tee "TestingSD_bsp_xspi_polled_example_1.elf.size"
   text	   data	    bss	    dec	    hex	filename
  17640	    336	   3280	  21256	   5308	TestingSD_bsp_xspi_polled_example_1.elf
Finished building: TestingSD_bsp_xspi_polled_example_1.elf.size
 
22:01:01 **** Incremental Build of configuration Debug for project TestingSD_bsp_xspi_polled_example_1 ****
make all 
make: Nothing to be done for `all'.
22:02:08 **** Auto Build of configuration Debug for project TestingSD_bsp_xspi_polled_example_1 ****
make all 
Building file: ../src/sd_io.c
Invoking: MicroBlaze gcc compiler
mb-gcc -Wall -O0 -g3 -c -fmessage-length=0 -MT"src/sd_io.o" -I../../TestingSD_bsp/microblaze_0/include -mlittle-endian -mcpu=v10.0 -mxl-soft-mul -Wl,--no-relax -MMD -MP -MF"src/sd_io.d" -MT"src/sd_io.o" -o "src/sd_io.o" "../src/sd_io.c"
Finished building: ../src/sd_io.c
 
Building target: TestingSD_bsp_xspi_polled_example_1.elf
Invoking: MicroBlaze gcc linker
mb-gcc -Wl,-T -Wl,../src/lscript.ld -L../../TestingSD_bsp/microblaze_0/lib -mlittle-endian -mcpu=v10.0 -mxl-soft-mul -Wl,--no-relax -o "TestingSD_bsp_xspi_polled_example_1.elf"  ./src/sd_io.o ./src/spi_io.o ./src/xspi_polled_example.o   -Wl,--start-group,-lxil,-lgcc,-lc,--end-group
Finished building target: TestingSD_bsp_xspi_polled_example_1.elf
 
Invoking: MicroBlaze Print Size
mb-size TestingSD_bsp_xspi_polled_example_1.elf  |tee "TestingSD_bsp_xspi_polled_example_1.elf.size"
   text	   data	    bss	    dec	    hex	filename
  17620	    336	   3284	  21240	   52f8	TestingSD_bsp_xspi_polled_example_1.elf
Finished building: TestingSD_bsp_xspi_polled_example_1.elf.size
 
22:02:13 **** Incremental Build of configuration Debug for project TestingSD_bsp_xspi_polled_example_1 ****
make all 
make: Nothing to be done for `all'.
22:02:53 **** Auto Build of configuration Debug for project TestingSD_bsp_xspi_polled_example_1 ****
make all 
Building file: ../src/sd_io.c
Invoking: MicroBlaze gcc compiler
mb-gcc -Wall -O0 -g3 -c -fmessage-length=0 -MT"src/sd_io.o" -I../../TestingSD_bsp/microblaze_0/include -mlittle-endian -mcpu=v10.0 -mxl-soft-mul -Wl,--no-relax -MMD -MP -MF"src/sd_io.d" -MT"src/sd_io.o" -o "src/sd_io.o" "../src/sd_io.c"
Finished building: ../src/sd_io.c
 
Building target: TestingSD_bsp_xspi_polled_example_1.elf
Invoking: MicroBlaze gcc linker
mb-gcc -Wl,-T -Wl,../src/lscript.ld -L../../TestingSD_bsp/microblaze_0/lib -mlittle-endian -mcpu=v10.0 -mxl-soft-mul -Wl,--no-relax -o "TestingSD_bsp_xspi_polled_example_1.elf"  ./src/sd_io.o ./src/spi_io.o ./src/xspi_polled_example.o   -Wl,--start-group,-lxil,-lgcc,-lc,--end-group
Finished building target: TestingSD_bsp_xspi_polled_example_1.elf
 
Invoking: MicroBlaze Print Size
mb-size TestingSD_bsp_xspi_polled_example_1.elf  |tee "TestingSD_bsp_xspi_polled_example_1.elf.size"
   text	   data	    bss	    dec	    hex	filename
  17968	    336	   3280	  21584	   5450	TestingSD_bsp_xspi_polled_example_1.elf
Finished building: TestingSD_bsp_xspi_polled_example_1.elf.size
 
22:02:56 **** Incremental Build of configuration Debug for project TestingSD_bsp_xspi_polled_example_1 ****
make all 
make: Nothing to be done for `all'.
22:03:08 **** Incremental Build of configuration Debug for project TestingSD_bsp_xspi_polled_example_1 ****
make all 
make: Nothing to be done for `all'.
22:03:36 **** Auto Build of configuration Debug for project TestingSD_bsp_xspi_polled_example_1 ****
make all 
Building file: ../src/sd_io.c
Invoking: MicroBlaze gcc compiler
mb-gcc -Wall -O0 -g3 -c -fmessage-length=0 -MT"src/sd_io.o" -I../../TestingSD_bsp/microblaze_0/include -mlittle-endian -mcpu=v10.0 -mxl-soft-mul -Wl,--no-relax -MMD -MP -MF"src/sd_io.d" -MT"src/sd_io.o" -o "src/sd_io.o" "../src/sd_io.c"
Finished building: ../src/sd_io.c
 
Building target: TestingSD_bsp_xspi_polled_example_1.elf
Invoking: MicroBlaze gcc linker
mb-gcc -Wl,-T -Wl,../src/lscript.ld -L../../TestingSD_bsp/microblaze_0/lib -mlittle-endian -mcpu=v10.0 -mxl-soft-mul -Wl,--no-relax -o "TestingSD_bsp_xspi_polled_example_1.elf"  ./src/sd_io.o ./src/spi_io.o ./src/xspi_polled_example.o   -Wl,--start-group,-lxil,-lgcc,-lc,--end-group
Finished building target: TestingSD_bsp_xspi_polled_example_1.elf
 
Invoking: MicroBlaze Print Size
mb-size TestingSD_bsp_xspi_polled_example_1.elf  |tee "TestingSD_bsp_xspi_polled_example_1.elf.size"
   text	   data	    bss	    dec	    hex	filename
  17620	    336	   3284	  21240	   52f8	TestingSD_bsp_xspi_polled_example_1.elf
Finished building: TestingSD_bsp_xspi_polled_example_1.elf.size
 
22:03:40 **** Incremental Build of configuration Debug for project TestingSD_bsp_xspi_polled_example_1 ****
make all 
make: Nothing to be done for `all'.
22:03:52 **** Incremental Build of configuration Debug for project TestingSD_bsp_xspi_polled_example_1 ****
make all 
make: Nothing to be done for `all'.
22:04:09 **** Incremental Build of configuration Debug for project TestingSD_bsp_xspi_polled_example_1 ****
make all 
make: Nothing to be done for `all'.
22:05:27 **** Incremental Build of configuration Debug for project TestingSD_bsp_xspi_polled_example_1 ****
make all 
make: Nothing to be done for `all'.
22:08:37 **** Auto Build of configuration Debug for project TestingSD_bsp_xspi_polled_example_1 ****
make all 
Building file: ../src/spi_io.c
Invoking: MicroBlaze gcc compiler
mb-gcc -Wall -O0 -g3 -c -fmessage-length=0 -MT"src/spi_io.o" -I../../TestingSD_bsp/microblaze_0/include -mlittle-endian -mcpu=v10.0 -mxl-soft-mul -Wl,--no-relax -MMD -MP -MF"src/spi_io.d" -MT"src/spi_io.o" -o "src/spi_io.o" "../src/spi_io.c"
In file included from ../../TestingSD_bsp/microblaze_0/include/xspi.h:306:0,
                 from ../src/spi_io.c:3:
../src/spi_io.c: In function 'SPI_Init':
../../TestingSD_bsp/microblaze_0/include/xstatus.h:60:41: warning: 'return' with a value, in function returning void
 #define XST_FAILURE                     1L
                                         ^
../src/spi_io.c:36:10: note: in expansion of macro 'XST_FAILURE'
   return XST_FAILURE;
          ^
Finished building: ../src/spi_io.c
 
Building target: TestingSD_bsp_xspi_polled_example_1.elf
Invoking: MicroBlaze gcc linker
mb-gcc -Wl,-T -Wl,../src/lscript.ld -L../../TestingSD_bsp/microblaze_0/lib -mlittle-endian -mcpu=v10.0 -mxl-soft-mul -Wl,--no-relax -o "TestingSD_bsp_xspi_polled_example_1.elf"  ./src/sd_io.o ./src/spi_io.o ./src/xspi_polled_example.o   -Wl,--start-group,-lxil,-lgcc,-lc,--end-group
Finished building target: TestingSD_bsp_xspi_polled_example_1.elf
 
Invoking: MicroBlaze Print Size
mb-size TestingSD_bsp_xspi_polled_example_1.elf  |tee "TestingSD_bsp_xspi_polled_example_1.elf.size"
   text	   data	    bss	    dec	    hex	filename
  17624	    336	   3280	  21240	   52f8	TestingSD_bsp_xspi_polled_example_1.elf
Finished building: TestingSD_bsp_xspi_polled_example_1.elf.size
 
22:08:44 **** Incremental Build of configuration Debug for project TestingSD_bsp_xspi_polled_example_1 ****
make all 
make: Nothing to be done for `all'.
22:09:04 **** Incremental Build of configuration Debug for project TestingSD_bsp_xspi_polled_example_1 ****
make all 
make: Nothing to be done for `all'.
22:10:00 **** Incremental Build of configuration Debug for project TestingSD_bsp_xspi_polled_example_1 ****
make all 
make: Nothing to be done for `all'.
22:10:10 **** Incremental Build of configuration Debug for project TestingSD_bsp_xspi_polled_example_1 ****
make all 
make: Nothing to be done for `all'.
22:11:24 **** Auto Build of configuration Debug for project TestingSD_bsp_xspi_polled_example_1 ****
make all 
Building file: ../src/spi_io.c
Invoking: MicroBlaze gcc compiler
mb-gcc -Wall -O0 -g3 -c -fmessage-length=0 -MT"src/spi_io.o" -I../../TestingSD_bsp/microblaze_0/include -mlittle-endian -mcpu=v10.0 -mxl-soft-mul -Wl,--no-relax -MMD -MP -MF"src/spi_io.d" -MT"src/spi_io.o" -o "src/spi_io.o" "../src/spi_io.c"
In file included from ../../TestingSD_bsp/microblaze_0/include/xspi.h:306:0,
                 from ../src/spi_io.c:3:
../src/spi_io.c: In function 'SPI_Init':
../../TestingSD_bsp/microblaze_0/include/xstatus.h:60:41: warning: 'return' with a value, in function returning void
 #define XST_FAILURE                     1L
                                         ^
../src/spi_io.c:36:10: note: in expansion of macro 'XST_FAILURE'
   return XST_FAILURE;
          ^
Finished building: ../src/spi_io.c
 
Building target: TestingSD_bsp_xspi_polled_example_1.elf
Invoking: MicroBlaze gcc linker
mb-gcc -Wl,-T -Wl,../src/lscript.ld -L../../TestingSD_bsp/microblaze_0/lib -mlittle-endian -mcpu=v10.0 -mxl-soft-mul -Wl,--no-relax -o "TestingSD_bsp_xspi_polled_example_1.elf"  ./src/sd_io.o ./src/spi_io.o ./src/xspi_polled_example.o   -Wl,--start-group,-lxil,-lgcc,-lc,--end-group
Finished building target: TestingSD_bsp_xspi_polled_example_1.elf
 
Invoking: MicroBlaze Print Size
mb-size TestingSD_bsp_xspi_polled_example_1.elf  |tee "TestingSD_bsp_xspi_polled_example_1.elf.size"
   text	   data	    bss	    dec	    hex	filename
  17620	    336	   3284	  21240	   52f8	TestingSD_bsp_xspi_polled_example_1.elf
Finished building: TestingSD_bsp_xspi_polled_example_1.elf.size
 
22:11:28 **** Incremental Build of configuration Debug for project TestingSD_bsp_xspi_polled_example_1 ****
make all 
make: Nothing to be done for `all'.
22:13:10 **** Incremental Build of configuration Debug for project TestingSD_bsp_xspi_polled_example_1 ****
make all 
make: Nothing to be done for `all'.
22:14:18 **** Incremental Build of configuration Debug for project TestingSD_bsp_xspi_polled_example_1 ****
make all 
make: Nothing to be done for `all'.
22:15:40 **** Incremental Build of configuration Debug for project TestingSD_bsp_xspi_polled_example_1 ****
make all 
make: Nothing to be done for `all'.
22:16:25 **** Auto Build of configuration Debug for project TestingSD_bsp_xspi_polled_example_1 ****
make all 
Building file: ../src/spi_io.c
Invoking: MicroBlaze gcc compiler
mb-gcc -Wall -O0 -g3 -c -fmessage-length=0 -MT"src/spi_io.o" -I../../TestingSD_bsp/microblaze_0/include -mlittle-endian -mcpu=v10.0 -mxl-soft-mul -Wl,--no-relax -MMD -MP -MF"src/spi_io.d" -MT"src/spi_io.o" -o "src/spi_io.o" "../src/spi_io.c"
In file included from ../../TestingSD_bsp/microblaze_0/include/xspi.h:306:0,
                 from ../src/spi_io.c:3:
../src/spi_io.c: In function 'SPI_Init':
../../TestingSD_bsp/microblaze_0/include/xstatus.h:60:41: warning: 'return' with a value, in function returning void
 #define XST_FAILURE                     1L
                                         ^
../src/spi_io.c:36:10: note: in expansion of macro 'XST_FAILURE'
   return XST_FAILURE;
          ^
Finished building: ../src/spi_io.c
 
Building target: TestingSD_bsp_xspi_polled_example_1.elf
Invoking: MicroBlaze gcc linker
mb-gcc -Wl,-T -Wl,../src/lscript.ld -L../../TestingSD_bsp/microblaze_0/lib -mlittle-endian -mcpu=v10.0 -mxl-soft-mul -Wl,--no-relax -o "TestingSD_bsp_xspi_polled_example_1.elf"  ./src/sd_io.o ./src/spi_io.o ./src/xspi_polled_example.o   -Wl,--start-group,-lxil,-lgcc,-lc,--end-group
Finished building target: TestingSD_bsp_xspi_polled_example_1.elf
 
Invoking: MicroBlaze Print Size
mb-size TestingSD_bsp_xspi_polled_example_1.elf  |tee "TestingSD_bsp_xspi_polled_example_1.elf.size"
   text	   data	    bss	    dec	    hex	filename
  17604	    336	   3284	  21224	   52e8	TestingSD_bsp_xspi_polled_example_1.elf
Finished building: TestingSD_bsp_xspi_polled_example_1.elf.size
 
22:16:34 **** Incremental Build of configuration Debug for project TestingSD_bsp_xspi_polled_example_1 ****
make all 
make: Nothing to be done for `all'.
22:17:14 **** Incremental Build of configuration Debug for project TestingSD_bsp_xspi_polled_example_1 ****
make all 
make: Nothing to be done for `all'.
22:17:44 **** Auto Build of configuration Debug for project TestingSD_bsp_xspi_polled_example_1 ****
make all 
Building file: ../src/spi_io.c
Invoking: MicroBlaze gcc compiler
mb-gcc -Wall -O0 -g3 -c -fmessage-length=0 -MT"src/spi_io.o" -I../../TestingSD_bsp/microblaze_0/include -mlittle-endian -mcpu=v10.0 -mxl-soft-mul -Wl,--no-relax -MMD -MP -MF"src/spi_io.d" -MT"src/spi_io.o" -o "src/spi_io.o" "../src/spi_io.c"
In file included from ../../TestingSD_bsp/microblaze_0/include/xspi.h:306:0,
                 from ../src/spi_io.c:3:
../src/spi_io.c: In function 'SPI_Init':
../../TestingSD_bsp/microblaze_0/include/xstatus.h:60:41: warning: 'return' with a value, in function returning void
 #define XST_FAILURE                     1L
                                         ^
../src/spi_io.c:36:10: note: in expansion of macro 'XST_FAILURE'
   return XST_FAILURE;
          ^
Finished building: ../src/spi_io.c
 
Building target: TestingSD_bsp_xspi_polled_example_1.elf
Invoking: MicroBlaze gcc linker
mb-gcc -Wl,-T -Wl,../src/lscript.ld -L../../TestingSD_bsp/microblaze_0/lib -mlittle-endian -mcpu=v10.0 -mxl-soft-mul -Wl,--no-relax -o "TestingSD_bsp_xspi_polled_example_1.elf"  ./src/sd_io.o ./src/spi_io.o ./src/xspi_polled_example.o   -Wl,--start-group,-lxil,-lgcc,-lc,--end-group
Finished building target: TestingSD_bsp_xspi_polled_example_1.elf
 
Invoking: MicroBlaze Print Size
mb-size TestingSD_bsp_xspi_polled_example_1.elf  |tee "TestingSD_bsp_xspi_polled_example_1.elf.size"
   text	   data	    bss	    dec	    hex	filename
  17620	    336	   3284	  21240	   52f8	TestingSD_bsp_xspi_polled_example_1.elf
Finished building: TestingSD_bsp_xspi_polled_example_1.elf.size
 
22:18:44 **** Incremental Build of configuration Debug for project TestingSD_bsp_xspi_polled_example_1 ****
make all 
Building file: ../src/spi_io.c
Invoking: MicroBlaze gcc compiler
mb-gcc -Wall -O0 -g3 -c -fmessage-length=0 -MT"src/spi_io.o" -I../../TestingSD_bsp/microblaze_0/include -mlittle-endian -mcpu=v10.0 -mxl-soft-mul -Wl,--no-relax -MMD -MP -MF"src/spi_io.d" -MT"src/spi_io.o" -o "src/spi_io.o" "../src/spi_io.c"
In file included from ../../TestingSD_bsp/microblaze_0/include/xspi.h:306:0,
                 from ../src/spi_io.c:3:
../src/spi_io.c: In function 'SPI_Init':
../../TestingSD_bsp/microblaze_0/include/xstatus.h:60:41: warning: 'return' with a value, in function returning void
 #define XST_FAILURE                     1L
                                         ^
../src/spi_io.c:36:10: note: in expansion of macro 'XST_FAILURE'
   return XST_FAILURE;
          ^
Finished building: ../src/spi_io.c
 
Building target: TestingSD_bsp_xspi_polled_example_1.elf
Invoking: MicroBlaze gcc linker
mb-gcc -Wl,-T -Wl,../src/lscript.ld -L../../TestingSD_bsp/microblaze_0/lib -mlittle-endian -mcpu=v10.0 -mxl-soft-mul -Wl,--no-relax -o "TestingSD_bsp_xspi_polled_example_1.elf"  ./src/sd_io.o ./src/spi_io.o ./src/xspi_polled_example.o   -Wl,--start-group,-lxil,-lgcc,-lc,--end-group
Finished building target: TestingSD_bsp_xspi_polled_example_1.elf
 
Invoking: MicroBlaze Print Size
mb-size TestingSD_bsp_xspi_polled_example_1.elf  |tee "TestingSD_bsp_xspi_polled_example_1.elf.size"
   text	   data	    bss	    dec	    hex	filename
  17604	    336	   3284	  21224	   52e8	TestingSD_bsp_xspi_polled_example_1.elf
Finished building: TestingSD_bsp_xspi_polled_example_1.elf.size
 
22:19:22 **** Auto Build of configuration Debug for project TestingSD_bsp_xspi_polled_example_1 ****
make all 
Building file: ../src/sd_io.c
Invoking: MicroBlaze gcc compiler
mb-gcc -Wall -O0 -g3 -c -fmessage-length=0 -MT"src/sd_io.o" -I../../TestingSD_bsp/microblaze_0/include -mlittle-endian -mcpu=v10.0 -mxl-soft-mul -Wl,--no-relax -MMD -MP -MF"src/sd_io.d" -MT"src/sd_io.o" -o "src/sd_io.o" "../src/sd_io.c"
Finished building: ../src/sd_io.c
 
Building target: TestingSD_bsp_xspi_polled_example_1.elf
Invoking: MicroBlaze gcc linker
mb-gcc -Wl,-T -Wl,../src/lscript.ld -L../../TestingSD_bsp/microblaze_0/lib -mlittle-endian -mcpu=v10.0 -mxl-soft-mul -Wl,--no-relax -o "TestingSD_bsp_xspi_polled_example_1.elf"  ./src/sd_io.o ./src/spi_io.o ./src/xspi_polled_example.o   -Wl,--start-group,-lxil,-lgcc,-lc,--end-group
Finished building target: TestingSD_bsp_xspi_polled_example_1.elf
 
Invoking: MicroBlaze Print Size
mb-size TestingSD_bsp_xspi_polled_example_1.elf  |tee "TestingSD_bsp_xspi_polled_example_1.elf.size"
   text	   data	    bss	    dec	    hex	filename
  17604	    336	   3284	  21224	   52e8	TestingSD_bsp_xspi_polled_example_1.elf
Finished building: TestingSD_bsp_xspi_polled_example_1.elf.size
 
22:21:34 **** Auto Build of configuration Debug for project TestingSD_bsp_xspi_polled_example_1 ****
make all 
Building file: ../src/spi_io.c
Invoking: MicroBlaze gcc compiler
mb-gcc -Wall -O0 -g3 -c -fmessage-length=0 -MT"src/spi_io.o" -I../../TestingSD_bsp/microblaze_0/include -mlittle-endian -mcpu=v10.0 -mxl-soft-mul -Wl,--no-relax -MMD -MP -MF"src/spi_io.d" -MT"src/spi_io.o" -o "src/spi_io.o" "../src/spi_io.c"
In file included from ../../TestingSD_bsp/microblaze_0/include/xspi.h:306:0,
                 from ../src/spi_io.c:3:
../src/spi_io.c: In function 'SPI_Init':
../../TestingSD_bsp/microblaze_0/include/xstatus.h:60:41: warning: 'return' with a value, in function returning void
 #define XST_FAILURE                     1L
                                         ^
../src/spi_io.c:36:10: note: in expansion of macro 'XST_FAILURE'
   return XST_FAILURE;
          ^
../src/spi_io.c: In function 'SPI_Timer_On':
../src/spi_io.c:447:15: error: expected expression before ';' token
  counterVal = ;
               ^
make: *** [src/spi_io.o] Error 1
22:23:01 **** Auto Build of configuration Debug for project TestingSD_bsp_xspi_polled_example_1 ****
make all 
Building file: ../src/spi_io.c
Invoking: MicroBlaze gcc compiler
mb-gcc -Wall -O0 -g3 -c -fmessage-length=0 -MT"src/spi_io.o" -I../../TestingSD_bsp/microblaze_0/include -mlittle-endian -mcpu=v10.0 -mxl-soft-mul -Wl,--no-relax -MMD -MP -MF"src/spi_io.d" -MT"src/spi_io.o" -o "src/spi_io.o" "../src/spi_io.c"
In file included from ../../TestingSD_bsp/microblaze_0/include/xspi.h:306:0,
                 from ../src/spi_io.c:3:
../src/spi_io.c: In function 'SPI_Init':
../../TestingSD_bsp/microblaze_0/include/xstatus.h:60:41: warning: 'return' with a value, in function returning void
 #define XST_FAILURE                     1L
                                         ^
../src/spi_io.c:36:10: note: in expansion of macro 'XST_FAILURE'
   return XST_FAILURE;
          ^
../src/spi_io.c: In function 'SPI_Timer_On':
../src/spi_io.c:447:15: error: expected expression before ';' token
  counterVal = ;
               ^
make: *** [src/spi_io.o] Error 1
22:23:04 **** Auto Build of configuration Debug for project TestingSD_bsp_xspi_polled_example_1 ****
make all 
Building file: ../src/spi_io.c
Invoking: MicroBlaze gcc compiler
mb-gcc -Wall -O0 -g3 -c -fmessage-length=0 -MT"src/spi_io.o" -I../../TestingSD_bsp/microblaze_0/include -mlittle-endian -mcpu=v10.0 -mxl-soft-mul -Wl,--no-relax -MMD -MP -MF"src/spi_io.d" -MT"src/spi_io.o" -o "src/spi_io.o" "../src/spi_io.c"
In file included from ../../TestingSD_bsp/microblaze_0/include/xspi.h:306:0,
                 from ../src/spi_io.c:3:
../src/spi_io.c: In function 'SPI_Init':
../../TestingSD_bsp/microblaze_0/include/xstatus.h:60:41: warning: 'return' with a value, in function returning void
 #define XST_FAILURE                     1L
                                         ^
../src/spi_io.c:36:10: note: in expansion of macro 'XST_FAILURE'
   return XST_FAILURE;
          ^
Finished building: ../src/spi_io.c
 
Building target: TestingSD_bsp_xspi_polled_example_1.elf
Invoking: MicroBlaze gcc linker
mb-gcc -Wl,-T -Wl,../src/lscript.ld -L../../TestingSD_bsp/microblaze_0/lib -mlittle-endian -mcpu=v10.0 -mxl-soft-mul -Wl,--no-relax -o "TestingSD_bsp_xspi_polled_example_1.elf"  ./src/sd_io.o ./src/spi_io.o ./src/xspi_polled_example.o   -Wl,--start-group,-lxil,-lgcc,-lc,--end-group
Finished building target: TestingSD_bsp_xspi_polled_example_1.elf
 
Invoking: MicroBlaze Print Size
mb-size TestingSD_bsp_xspi_polled_example_1.elf  |tee "TestingSD_bsp_xspi_polled_example_1.elf.size"
   text	   data	    bss	    dec	    hex	filename
  17848	    336	   3280	  21464	   53d8	TestingSD_bsp_xspi_polled_example_1.elf
Finished building: TestingSD_bsp_xspi_polled_example_1.elf.size
 
22:23:15 **** Incremental Build of configuration Debug for project TestingSD_bsp_xspi_polled_example_1 ****
make all 
make: Nothing to be done for `all'.
22:24:33 **** Auto Build of configuration Debug for project TestingSD_bsp_xspi_polled_example_1 ****
make all 
Building file: ../src/xspi_polled_example.c
Invoking: MicroBlaze gcc compiler
mb-gcc -Wall -O0 -g3 -c -fmessage-length=0 -MT"src/xspi_polled_example.o" -I../../TestingSD_bsp/microblaze_0/include -mlittle-endian -mcpu=v10.0 -mxl-soft-mul -Wl,--no-relax -MMD -MP -MF"src/xspi_polled_example.d" -MT"src/xspi_polled_example.o" -o "src/xspi_polled_example.o" "../src/xspi_polled_example.c"
../src/xspi_polled_example.c: In function 'main':
../src/xspi_polled_example.c:75:6: warning: unused variable 'Status' [-Wunused-variable]
  int Status;
      ^
Finished building: ../src/xspi_polled_example.c
 
Building target: TestingSD_bsp_xspi_polled_example_1.elf
Invoking: MicroBlaze gcc linker
mb-gcc -Wl,-T -Wl,../src/lscript.ld -L../../TestingSD_bsp/microblaze_0/lib -mlittle-endian -mcpu=v10.0 -mxl-soft-mul -Wl,--no-relax -o "TestingSD_bsp_xspi_polled_example_1.elf"  ./src/sd_io.o ./src/spi_io.o ./src/xspi_polled_example.o   -Wl,--start-group,-lxil,-lgcc,-lc,--end-group
Finished building target: TestingSD_bsp_xspi_polled_example_1.elf
 
Invoking: MicroBlaze Print Size
mb-size TestingSD_bsp_xspi_polled_example_1.elf  |tee "TestingSD_bsp_xspi_polled_example_1.elf.size"
   text	   data	    bss	    dec	    hex	filename
  17900	    336	   3284	  21520	   5410	TestingSD_bsp_xspi_polled_example_1.elf
Finished building: TestingSD_bsp_xspi_polled_example_1.elf.size
 
22:24:47 **** Auto Build of configuration Debug for project TestingSD_bsp_xspi_polled_example_1 ****
make all 
Building file: ../src/xspi_polled_example.c
Invoking: MicroBlaze gcc compiler
mb-gcc -Wall -O0 -g3 -c -fmessage-length=0 -MT"src/xspi_polled_example.o" -I../../TestingSD_bsp/microblaze_0/include -mlittle-endian -mcpu=v10.0 -mxl-soft-mul -Wl,--no-relax -MMD -MP -MF"src/xspi_polled_example.d" -MT"src/xspi_polled_example.o" -o "src/xspi_polled_example.o" "../src/xspi_polled_example.c"
../src/xspi_polled_example.c: In function 'main':
../src/xspi_polled_example.c:75:6: warning: unused variable 'Status' [-Wunused-variable]
  int Status;
      ^
Finished building: ../src/xspi_polled_example.c
 
Building target: TestingSD_bsp_xspi_polled_example_1.elf
Invoking: MicroBlaze gcc linker
mb-gcc -Wl,-T -Wl,../src/lscript.ld -L../../TestingSD_bsp/microblaze_0/lib -mlittle-endian -mcpu=v10.0 -mxl-soft-mul -Wl,--no-relax -o "TestingSD_bsp_xspi_polled_example_1.elf"  ./src/sd_io.o ./src/spi_io.o ./src/xspi_polled_example.o   -Wl,--start-group,-lxil,-lgcc,-lc,--end-group
Finished building target: TestingSD_bsp_xspi_polled_example_1.elf
 
Invoking: MicroBlaze Print Size
mb-size TestingSD_bsp_xspi_polled_example_1.elf  |tee "TestingSD_bsp_xspi_polled_example_1.elf.size"
   text	   data	    bss	    dec	    hex	filename
  17936	    336	   3280	  21552	   5430	TestingSD_bsp_xspi_polled_example_1.elf
Finished building: TestingSD_bsp_xspi_polled_example_1.elf.size
 
22:24:57 **** Auto Build of configuration Debug for project TestingSD_bsp_xspi_polled_example_1 ****
make all 
Building file: ../src/xspi_polled_example.c
Invoking: MicroBlaze gcc compiler
mb-gcc -Wall -O0 -g3 -c -fmessage-length=0 -MT"src/xspi_polled_example.o" -I../../TestingSD_bsp/microblaze_0/include -mlittle-endian -mcpu=v10.0 -mxl-soft-mul -Wl,--no-relax -MMD -MP -MF"src/xspi_polled_example.d" -MT"src/xspi_polled_example.o" -o "src/xspi_polled_example.o" "../src/xspi_polled_example.c"
../src/xspi_polled_example.c: In function 'main':
../src/xspi_polled_example.c:75:6: warning: unused variable 'Status' [-Wunused-variable]
  int Status;
      ^
Finished building: ../src/xspi_polled_example.c
 
Building target: TestingSD_bsp_xspi_polled_example_1.elf
Invoking: MicroBlaze gcc linker
mb-gcc -Wl,-T -Wl,../src/lscript.ld -L../../TestingSD_bsp/microblaze_0/lib -mlittle-endian -mcpu=v10.0 -mxl-soft-mul -Wl,--no-relax -o "TestingSD_bsp_xspi_polled_example_1.elf"  ./src/sd_io.o ./src/spi_io.o ./src/xspi_polled_example.o   -Wl,--start-group,-lxil,-lgcc,-lc,--end-group
Finished building target: TestingSD_bsp_xspi_polled_example_1.elf
 
Invoking: MicroBlaze Print Size
mb-size TestingSD_bsp_xspi_polled_example_1.elf  |tee "TestingSD_bsp_xspi_polled_example_1.elf.size"
   text	   data	    bss	    dec	    hex	filename
  18132	    336	   3284	  21752	   54f8	TestingSD_bsp_xspi_polled_example_1.elf
Finished building: TestingSD_bsp_xspi_polled_example_1.elf.size
 
22:25:00 **** Incremental Build of configuration Debug for project TestingSD_bsp_xspi_polled_example_1 ****
make all 
make: Nothing to be done for `all'.
22:26:07 **** Incremental Build of configuration Debug for project TestingSD_bsp_xspi_polled_example_1 ****
make all 
make: Nothing to be done for `all'.
22:27:00 **** Auto Build of configuration Debug for project TestingSD_bsp_xspi_polled_example_1 ****
make all 
Building file: ../src/spi_io.c
Invoking: MicroBlaze gcc compiler
mb-gcc -Wall -O0 -g3 -c -fmessage-length=0 -MT"src/spi_io.o" -I../../TestingSD_bsp/microblaze_0/include -mlittle-endian -mcpu=v10.0 -mxl-soft-mul -Wl,--no-relax -MMD -MP -MF"src/spi_io.d" -MT"src/spi_io.o" -o "src/spi_io.o" "../src/spi_io.c"
In file included from ../../TestingSD_bsp/microblaze_0/include/xspi.h:306:0,
                 from ../src/spi_io.c:3:
../src/spi_io.c: In function 'SPI_Init':
../../TestingSD_bsp/microblaze_0/include/xstatus.h:60:41: warning: 'return' with a value, in function returning void
 #define XST_FAILURE                     1L
                                         ^
../src/spi_io.c:36:10: note: in expansion of macro 'XST_FAILURE'
   return XST_FAILURE;
          ^
../src/spi_io.c: In function 'SPI_Timer_Status':
../src/spi_io.c:462:3: warning: implicit declaration of function 'XTmrCtr_ResetValue' [-Wimplicit-function-declaration]
   XTmrCtr_ResetValue(&TimerCounter, 0, 0);
   ^
Finished building: ../src/spi_io.c
 
Building target: TestingSD_bsp_xspi_polled_example_1.elf
Invoking: MicroBlaze gcc linker
mb-gcc -Wl,-T -Wl,../src/lscript.ld -L../../TestingSD_bsp/microblaze_0/lib -mlittle-endian -mcpu=v10.0 -mxl-soft-mul -Wl,--no-relax -o "TestingSD_bsp_xspi_polled_example_1.elf"  ./src/sd_io.o ./src/spi_io.o ./src/xspi_polled_example.o   -Wl,--start-group,-lxil,-lgcc,-lc,--end-group
./src/spi_io.o: In function `SPI_Timer_Status':
/home/catus/quicksdcard/quicksdcard.sdk/TestingSD_bsp_xspi_polled_example_1/Debug/../src/spi_io.c:462: undefined reference to `XTmrCtr_ResetValue'
collect2: error: ld returned 1 exit status
make: *** [TestingSD_bsp_xspi_polled_example_1.elf] Error 1
22:27:05 **** Auto Build of configuration Debug for project TestingSD_bsp_xspi_polled_example_1 ****
make all 
Building file: ../src/spi_io.c
Invoking: MicroBlaze gcc compiler
mb-gcc -Wall -O0 -g3 -c -fmessage-length=0 -MT"src/spi_io.o" -I../../TestingSD_bsp/microblaze_0/include -mlittle-endian -mcpu=v10.0 -mxl-soft-mul -Wl,--no-relax -MMD -MP -MF"src/spi_io.d" -MT"src/spi_io.o" -o "src/spi_io.o" "../src/spi_io.c"
In file included from ../../TestingSD_bsp/microblaze_0/include/xspi.h:306:0,
                 from ../src/spi_io.c:3:
../src/spi_io.c: In function 'SPI_Init':
../../TestingSD_bsp/microblaze_0/include/xstatus.h:60:41: warning: 'return' with a value, in function returning void
 #define XST_FAILURE                     1L
                                         ^
../src/spi_io.c:36:10: note: in expansion of macro 'XST_FAILURE'
   return XST_FAILURE;
          ^
Finished building: ../src/spi_io.c
 
Building target: TestingSD_bsp_xspi_polled_example_1.elf
Invoking: MicroBlaze gcc linker
mb-gcc -Wl,-T -Wl,../src/lscript.ld -L../../TestingSD_bsp/microblaze_0/lib -mlittle-endian -mcpu=v10.0 -mxl-soft-mul -Wl,--no-relax -o "TestingSD_bsp_xspi_polled_example_1.elf"  ./src/sd_io.o ./src/spi_io.o ./src/xspi_polled_example.o   -Wl,--start-group,-lxil,-lgcc,-lc,--end-group
Finished building target: TestingSD_bsp_xspi_polled_example_1.elf
 
Invoking: MicroBlaze Print Size
mb-size TestingSD_bsp_xspi_polled_example_1.elf  |tee "TestingSD_bsp_xspi_polled_example_1.elf.size"
   text	   data	    bss	    dec	    hex	filename
  18128	    336	   3280	  21744	   54f0	TestingSD_bsp_xspi_polled_example_1.elf
Finished building: TestingSD_bsp_xspi_polled_example_1.elf.size
 
22:27:10 **** Incremental Build of configuration Debug for project TestingSD_bsp_xspi_polled_example_1 ****
make all 
make: Nothing to be done for `all'.
22:27:43 **** Incremental Build of configuration Debug for project TestingSD_bsp_xspi_polled_example_1 ****
make all 
make: Nothing to be done for `all'.
22:28:37 **** Auto Build of configuration Debug for project TestingSD_bsp_xspi_polled_example_1 ****
make all 
Building file: ../src/sd_io.c
Invoking: MicroBlaze gcc compiler
mb-gcc -Wall -O0 -g3 -c -fmessage-length=0 -MT"src/sd_io.o" -I../../TestingSD_bsp/microblaze_0/include -mlittle-endian -mcpu=v10.0 -mxl-soft-mul -Wl,--no-relax -MMD -MP -MF"src/sd_io.d" -MT"src/sd_io.o" -o "src/sd_io.o" "../src/sd_io.c"
Finished building: ../src/sd_io.c
 
Building target: TestingSD_bsp_xspi_polled_example_1.elf
Invoking: MicroBlaze gcc linker
mb-gcc -Wl,-T -Wl,../src/lscript.ld -L../../TestingSD_bsp/microblaze_0/lib -mlittle-endian -mcpu=v10.0 -mxl-soft-mul -Wl,--no-relax -o "TestingSD_bsp_xspi_polled_example_1.elf"  ./src/sd_io.o ./src/spi_io.o ./src/xspi_polled_example.o   -Wl,--start-group,-lxil,-lgcc,-lc,--end-group
Finished building target: TestingSD_bsp_xspi_polled_example_1.elf
 
Invoking: MicroBlaze Print Size
mb-size TestingSD_bsp_xspi_polled_example_1.elf  |tee "TestingSD_bsp_xspi_polled_example_1.elf.size"
   text	   data	    bss	    dec	    hex	filename
  18476	    336	   3284	  22096	   5650	TestingSD_bsp_xspi_polled_example_1.elf
Finished building: TestingSD_bsp_xspi_polled_example_1.elf.size
 
22:28:39 **** Incremental Build of configuration Debug for project TestingSD_bsp_xspi_polled_example_1 ****
make all 
make: Nothing to be done for `all'.
22:35:55 **** Auto Build of configuration Debug for project TestingSD_bsp_xspi_polled_example_1 ****
make all 
Building file: ../src/xspi_polled_example.c
Invoking: MicroBlaze gcc compiler
mb-gcc -Wall -O0 -g3 -c -fmessage-length=0 -MT"src/xspi_polled_example.o" -I../../TestingSD_bsp/microblaze_0/include -mlittle-endian -mcpu=v10.0 -mxl-soft-mul -Wl,--no-relax -MMD -MP -MF"src/xspi_polled_example.d" -MT"src/xspi_polled_example.o" -o "src/xspi_polled_example.o" "../src/xspi_polled_example.c"
../src/xspi_polled_example.c: In function 'main':
../src/xspi_polled_example.c:75:6: warning: unused variable 'Status' [-Wunused-variable]
  int Status;
      ^
Finished building: ../src/xspi_polled_example.c
 
Building target: TestingSD_bsp_xspi_polled_example_1.elf
Invoking: MicroBlaze gcc linker
mb-gcc -Wl,-T -Wl,../src/lscript.ld -L../../TestingSD_bsp/microblaze_0/lib -mlittle-endian -mcpu=v10.0 -mxl-soft-mul -Wl,--no-relax -o "TestingSD_bsp_xspi_polled_example_1.elf"  ./src/sd_io.o ./src/spi_io.o ./src/xspi_polled_example.o   -Wl,--start-group,-lxil,-lgcc,-lc,--end-group
Finished building target: TestingSD_bsp_xspi_polled_example_1.elf
 
Invoking: MicroBlaze Print Size
mb-size TestingSD_bsp_xspi_polled_example_1.elf  |tee "TestingSD_bsp_xspi_polled_example_1.elf.size"
   text	   data	    bss	    dec	    hex	filename
  18476	    336	   3284	  22096	   5650	TestingSD_bsp_xspi_polled_example_1.elf
Finished building: TestingSD_bsp_xspi_polled_example_1.elf.size
 
22:35:58 **** Incremental Build of configuration Debug for project TestingSD_bsp_xspi_polled_example_1 ****
make all 
make: Nothing to be done for `all'.
22:38:52 **** Incremental Build of configuration Debug for project TestingSD_bsp_xspi_polled_example_1 ****
make all 
make: Nothing to be done for `all'.
22:40:08 **** Auto Build of configuration Debug for project TestingSD_bsp_xspi_polled_example_1 ****
make all 
Building file: ../src/sd_io.c
Invoking: MicroBlaze gcc compiler
mb-gcc -Wall -O0 -g3 -c -fmessage-length=0 -MT"src/sd_io.o" -I../../TestingSD_bsp/microblaze_0/include -mlittle-endian -mcpu=v10.0 -mxl-soft-mul -Wl,--no-relax -MMD -MP -MF"src/sd_io.d" -MT"src/sd_io.o" -o "src/sd_io.o" "../src/sd_io.c"
Finished building: ../src/sd_io.c
 
Building target: TestingSD_bsp_xspi_polled_example_1.elf
Invoking: MicroBlaze gcc linker
mb-gcc -Wl,-T -Wl,../src/lscript.ld -L../../TestingSD_bsp/microblaze_0/lib -mlittle-endian -mcpu=v10.0 -mxl-soft-mul -Wl,--no-relax -o "TestingSD_bsp_xspi_polled_example_1.elf"  ./src/sd_io.o ./src/spi_io.o ./src/xspi_polled_example.o   -Wl,--start-group,-lxil,-lgcc,-lc,--end-group
Finished building target: TestingSD_bsp_xspi_polled_example_1.elf
 
Invoking: MicroBlaze Print Size
mb-size TestingSD_bsp_xspi_polled_example_1.elf  |tee "TestingSD_bsp_xspi_polled_example_1.elf.size"
   text	   data	    bss	    dec	    hex	filename
  18492	    336	   3284	  22112	   5660	TestingSD_bsp_xspi_polled_example_1.elf
Finished building: TestingSD_bsp_xspi_polled_example_1.elf.size
 
22:40:10 **** Incremental Build of configuration Debug for project TestingSD_bsp_xspi_polled_example_1 ****
make all 
make: Nothing to be done for `all'.
22:40:50 **** Incremental Build of configuration Debug for project TestingSD_bsp_xspi_polled_example_1 ****
make all 
make: Nothing to be done for `all'.
22:43:25 **** Incremental Build of configuration Debug for project TestingSD_bsp_xspi_polled_example_1 ****
make all 
make: Nothing to be done for `all'.
22:45:02 **** Auto Build of configuration Debug for project TestingSD_bsp_xspi_polled_example_1 ****
make all 
Building file: ../src/sd_io.c
Invoking: MicroBlaze gcc compiler
mb-gcc -Wall -O0 -g3 -c -fmessage-length=0 -MT"src/sd_io.o" -I../../TestingSD_bsp/microblaze_0/include -mlittle-endian -mcpu=v10.0 -mxl-soft-mul -Wl,--no-relax -MMD -MP -MF"src/sd_io.d" -MT"src/sd_io.o" -o "src/sd_io.o" "../src/sd_io.c"
Finished building: ../src/sd_io.c
 
Building target: TestingSD_bsp_xspi_polled_example_1.elf
Invoking: MicroBlaze gcc linker
mb-gcc -Wl,-T -Wl,../src/lscript.ld -L../../TestingSD_bsp/microblaze_0/lib -mlittle-endian -mcpu=v10.0 -mxl-soft-mul -Wl,--no-relax -o "TestingSD_bsp_xspi_polled_example_1.elf"  ./src/sd_io.o ./src/spi_io.o ./src/xspi_polled_example.o   -Wl,--start-group,-lxil,-lgcc,-lc,--end-group
Finished building target: TestingSD_bsp_xspi_polled_example_1.elf
 
Invoking: MicroBlaze Print Size
mb-size TestingSD_bsp_xspi_polled_example_1.elf  |tee "TestingSD_bsp_xspi_polled_example_1.elf.size"
   text	   data	    bss	    dec	    hex	filename
  18476	    336	   3284	  22096	   5650	TestingSD_bsp_xspi_polled_example_1.elf
Finished building: TestingSD_bsp_xspi_polled_example_1.elf.size
 
22:45:16 **** Incremental Build of configuration Debug for project TestingSD_bsp_xspi_polled_example_1 ****
make all 
make: Nothing to be done for `all'.
22:47:42 **** Auto Build of configuration Debug for project TestingSD_bsp_xspi_polled_example_1 ****
make all 
Building file: ../src/xspi_polled_example.c
Invoking: MicroBlaze gcc compiler
mb-gcc -Wall -O0 -g3 -c -fmessage-length=0 -MT"src/xspi_polled_example.o" -I../../TestingSD_bsp/microblaze_0/include -mlittle-endian -mcpu=v10.0 -mxl-soft-mul -Wl,--no-relax -MMD -MP -MF"src/xspi_polled_example.d" -MT"src/xspi_polled_example.o" -o "src/xspi_polled_example.o" "../src/xspi_polled_example.c"
../src/xspi_polled_example.c: In function 'main':
../src/xspi_polled_example.c:75:6: warning: unused variable 'Status' [-Wunused-variable]
  int Status;
      ^
Finished building: ../src/xspi_polled_example.c
 
Building target: TestingSD_bsp_xspi_polled_example_1.elf
Invoking: MicroBlaze gcc linker
mb-gcc -Wl,-T -Wl,../src/lscript.ld -L../../TestingSD_bsp/microblaze_0/lib -mlittle-endian -mcpu=v10.0 -mxl-soft-mul -Wl,--no-relax -o "TestingSD_bsp_xspi_polled_example_1.elf"  ./src/sd_io.o ./src/spi_io.o ./src/xspi_polled_example.o   -Wl,--start-group,-lxil,-lgcc,-lc,--end-group
Finished building target: TestingSD_bsp_xspi_polled_example_1.elf
 
Invoking: MicroBlaze Print Size
mb-size TestingSD_bsp_xspi_polled_example_1.elf  |tee "TestingSD_bsp_xspi_polled_example_1.elf.size"
   text	   data	    bss	    dec	    hex	filename
  18400	    336	   3280	  22016	   5600	TestingSD_bsp_xspi_polled_example_1.elf
Finished building: TestingSD_bsp_xspi_polled_example_1.elf.size
 
22:47:48 **** Incremental Build of configuration Debug for project TestingSD_bsp_xspi_polled_example_1 ****
make all 
make: Nothing to be done for `all'.
16:34:34 **** Auto Build of configuration Debug for project TestingSD_bsp_xspi_polled_example_1 ****
make all 
'Building file: ../src/xspi_polled_example.c'
'Invoking: MicroBlaze gcc compiler'
mb-gcc -Wall -O0 -g3 -c -fmessage-length=0 -MT"src/xspi_polled_example.o" -I../../TestingSD_bsp/microblaze_0/include -mlittle-endian -mcpu=v10.0 -mxl-soft-mul -Wl,--no-relax -MMD -MP -MF"src/xspi_polled_example.d" -MT"src/xspi_polled_example.o" -o "src/xspi_polled_example.o" "../src/xspi_polled_example.c"
../src/xspi_polled_example.c: In function 'main':
../src/xspi_polled_example.c:75:6: warning: unused variable 'Status' [-Wunused-variable]
  int Status;
      ^
'Finished building: ../src/xspi_polled_example.c'
' '
'Building target: TestingSD_bsp_xspi_polled_example_1.elf'
'Invoking: MicroBlaze gcc linker'
mb-gcc -Wl,-T -Wl,../src/lscript.ld -L../../TestingSD_bsp/microblaze_0/lib -mlittle-endian -mcpu=v10.0 -mxl-soft-mul -Wl,--no-relax -o "TestingSD_bsp_xspi_polled_example_1.elf"  ./src/sd_io.o ./src/spi_io.o ./src/xspi_polled_example.o   -Wl,--start-group,-lxil,-lgcc,-lc,--end-group
'Finished building target: TestingSD_bsp_xspi_polled_example_1.elf'
' '
'Invoking: MicroBlaze Print Size'
mb-size TestingSD_bsp_xspi_polled_example_1.elf  |tee "TestingSD_bsp_xspi_polled_example_1.elf.size"
   text	   data	    bss	    dec	    hex	filename
  18400	    336	   3280	  22016	   5600	TestingSD_bsp_xspi_polled_example_1.elf
'Finished building: TestingSD_bsp_xspi_polled_example_1.elf.size'
' '
16:36:09 **** Auto Build of configuration Debug for project TestingSD_bsp_xspi_polled_example_1 ****
make all 
'Building file: ../src/xspi_polled_example.c'
'Invoking: MicroBlaze gcc compiler'
mb-gcc -Wall -O0 -g3 -c -fmessage-length=0 -MT"src/xspi_polled_example.o" -I../../TestingSD_bsp/microblaze_0/include -mlittle-endian -mcpu=v10.0 -mxl-soft-mul -Wl,--no-relax -MMD -MP -MF"src/xspi_polled_example.d" -MT"src/xspi_polled_example.o" -o "src/xspi_polled_example.o" "../src/xspi_polled_example.c"
../src/xspi_polled_example.c:70:22: fatal error: xil_printf: No such file or directory
compilation terminated.
make: *** [src/xspi_polled_example.o] Error 1
16:36:27 **** Auto Build of configuration Debug for project TestingSD_bsp_xspi_polled_example_1 ****
make all 
'Building file: ../src/xspi_polled_example.c'
'Invoking: MicroBlaze gcc compiler'
mb-gcc -Wall -O0 -g3 -c -fmessage-length=0 -MT"src/xspi_polled_example.o" -I../../TestingSD_bsp/microblaze_0/include -mlittle-endian -mcpu=v10.0 -mxl-soft-mul -Wl,--no-relax -MMD -MP -MF"src/xspi_polled_example.d" -MT"src/xspi_polled_example.o" -o "src/xspi_polled_example.o" "../src/xspi_polled_example.c"
../src/xspi_polled_example.c: In function 'main':
../src/xspi_polled_example.c:76:6: warning: unused variable 'Status' [-Wunused-variable]
  int Status;
      ^
'Finished building: ../src/xspi_polled_example.c'
' '
'Building target: TestingSD_bsp_xspi_polled_example_1.elf'
'Invoking: MicroBlaze gcc linker'
mb-gcc -Wl,-T -Wl,../src/lscript.ld -L../../TestingSD_bsp/microblaze_0/lib -mlittle-endian -mcpu=v10.0 -mxl-soft-mul -Wl,--no-relax -o "TestingSD_bsp_xspi_polled_example_1.elf"  ./src/sd_io.o ./src/spi_io.o ./src/xspi_polled_example.o   -Wl,--start-group,-lxil,-lgcc,-lc,--end-group
'Finished building target: TestingSD_bsp_xspi_polled_example_1.elf'
' '
'Invoking: MicroBlaze Print Size'
mb-size TestingSD_bsp_xspi_polled_example_1.elf  |tee "TestingSD_bsp_xspi_polled_example_1.elf.size"
   text	   data	    bss	    dec	    hex	filename
  18432	    336	   3280	  22048	   5620	TestingSD_bsp_xspi_polled_example_1.elf
'Finished building: TestingSD_bsp_xspi_polled_example_1.elf.size'
' '
16:36:56 **** Auto Build of configuration Debug for project TestingSD_bsp_xspi_polled_example_1 ****
make all 
'Building file: ../src/xspi_polled_example.c'
'Invoking: MicroBlaze gcc compiler'
mb-gcc -Wall -O0 -g3 -c -fmessage-length=0 -MT"src/xspi_polled_example.o" -I../../TestingSD_bsp/microblaze_0/include -mlittle-endian -mcpu=v10.0 -mxl-soft-mul -Wl,--no-relax -MMD -MP -MF"src/xspi_polled_example.d" -MT"src/xspi_polled_example.o" -o "src/xspi_polled_example.o" "../src/xspi_polled_example.c"
../src/xspi_polled_example.c: In function 'main':
../src/xspi_polled_example.c:106:33: error: expected ')' before ';' token
     xil_printf("%02x ",buffer[i];)
                                 ^
../src/xspi_polled_example.c:107:4: error: expected ';' before '}' token
    }
    ^
../src/xspi_polled_example.c:76:6: warning: unused variable 'Status' [-Wunused-variable]
  int Status;
      ^
make: *** [src/xspi_polled_example.o] Error 1
16:36:57 **** Auto Build of configuration Debug for project TestingSD_bsp_xspi_polled_example_1 ****
make all 
'Building file: ../src/xspi_polled_example.c'
'Invoking: MicroBlaze gcc compiler'
mb-gcc -Wall -O0 -g3 -c -fmessage-length=0 -MT"src/xspi_polled_example.o" -I../../TestingSD_bsp/microblaze_0/include -mlittle-endian -mcpu=v10.0 -mxl-soft-mul -Wl,--no-relax -MMD -MP -MF"src/xspi_polled_example.d" -MT"src/xspi_polled_example.o" -o "src/xspi_polled_example.o" "../src/xspi_polled_example.c"
../src/xspi_polled_example.c: In function 'main':
../src/xspi_polled_example.c:76:6: warning: unused variable 'Status' [-Wunused-variable]
  int Status;
      ^
'Finished building: ../src/xspi_polled_example.c'
' '
'Building target: TestingSD_bsp_xspi_polled_example_1.elf'
'Invoking: MicroBlaze gcc linker'
mb-gcc -Wl,-T -Wl,../src/lscript.ld -L../../TestingSD_bsp/microblaze_0/lib -mlittle-endian -mcpu=v10.0 -mxl-soft-mul -Wl,--no-relax -o "TestingSD_bsp_xspi_polled_example_1.elf"  ./src/sd_io.o ./src/spi_io.o ./src/xspi_polled_example.o   -Wl,--start-group,-lxil,-lgcc,-lc,--end-group
'Finished building target: TestingSD_bsp_xspi_polled_example_1.elf'
' '
'Invoking: MicroBlaze Print Size'
mb-size TestingSD_bsp_xspi_polled_example_1.elf  |tee "TestingSD_bsp_xspi_polled_example_1.elf.size"
   text	   data	    bss	    dec	    hex	filename
  21480	    340	   3284	  25104	   6210	TestingSD_bsp_xspi_polled_example_1.elf
'Finished building: TestingSD_bsp_xspi_polled_example_1.elf.size'
' '
16:37:50 **** Incremental Build of configuration Debug for project TestingSD_bsp_xspi_polled_example_1 ****
make all 
make: Nothing to be done for `all'.
16:40:03 **** Auto Build of configuration Debug for project TestingSD_bsp_xspi_polled_example_1 ****
make all 
'Building file: ../src/xspi_polled_example.c'
'Invoking: MicroBlaze gcc compiler'
mb-gcc -Wall -O0 -g3 -c -fmessage-length=0 -MT"src/xspi_polled_example.o" -I../../TestingSD_bsp/microblaze_0/include -mlittle-endian -mcpu=v10.0 -mxl-soft-mul -Wl,--no-relax -MMD -MP -MF"src/xspi_polled_example.d" -MT"src/xspi_polled_example.o" -o "src/xspi_polled_example.o" "../src/xspi_polled_example.c"
../src/xspi_polled_example.c: In function 'main':
../src/xspi_polled_example.c:76:6: warning: unused variable 'Status' [-Wunused-variable]
  int Status;
      ^
'Finished building: ../src/xspi_polled_example.c'
' '
'Building target: TestingSD_bsp_xspi_polled_example_1.elf'
'Invoking: MicroBlaze gcc linker'
mb-gcc -Wl,-T -Wl,../src/lscript.ld -L../../TestingSD_bsp/microblaze_0/lib -mlittle-endian -mcpu=v10.0 -mxl-soft-mul -Wl,--no-relax -o "TestingSD_bsp_xspi_polled_example_1.elf"  ./src/sd_io.o ./src/spi_io.o ./src/xspi_polled_example.o   -Wl,--start-group,-lxil,-lgcc,-lc,--end-group
'Finished building target: TestingSD_bsp_xspi_polled_example_1.elf'
' '
'Invoking: MicroBlaze Print Size'
mb-size TestingSD_bsp_xspi_polled_example_1.elf  |tee "TestingSD_bsp_xspi_polled_example_1.elf.size"
   text	   data	    bss	    dec	    hex	filename
  21536	    340	   3284	  25160	   6248	TestingSD_bsp_xspi_polled_example_1.elf
'Finished building: TestingSD_bsp_xspi_polled_example_1.elf.size'
' '
16:40:06 **** Auto Build of configuration Debug for project TestingSD_bsp_xspi_polled_example_1 ****
make all 
make: Nothing to be done for `all'.
16:40:52 **** Incremental Build of configuration Debug for project TestingSD_bsp_xspi_polled_example_1 ****
make all 
make: Nothing to be done for `all'.
16:41:04 **** Incremental Build of configuration Debug for project TestingSD_bsp_xspi_polled_example_1 ****
make all 
make: Nothing to be done for `all'.
16:41:22 **** Auto Build of configuration Debug for project TestingSD_bsp_xspi_polled_example_1 ****
make all 
'Building file: ../src/xspi_polled_example.c'
'Invoking: MicroBlaze gcc compiler'
mb-gcc -Wall -O0 -g3 -c -fmessage-length=0 -MT"src/xspi_polled_example.o" -I../../TestingSD_bsp/microblaze_0/include -mlittle-endian -mcpu=v10.0 -mxl-soft-mul -Wl,--no-relax -MMD -MP -MF"src/xspi_polled_example.d" -MT"src/xspi_polled_example.o" -o "src/xspi_polled_example.o" "../src/xspi_polled_example.c"
../src/xspi_polled_example.c: In function 'main':
../src/xspi_polled_example.c:76:6: warning: unused variable 'Status' [-Wunused-variable]
  int Status;
      ^
'Finished building: ../src/xspi_polled_example.c'
' '
'Building target: TestingSD_bsp_xspi_polled_example_1.elf'
'Invoking: MicroBlaze gcc linker'
mb-gcc -Wl,-T -Wl,../src/lscript.ld -L../../TestingSD_bsp/microblaze_0/lib -mlittle-endian -mcpu=v10.0 -mxl-soft-mul -Wl,--no-relax -o "TestingSD_bsp_xspi_polled_example_1.elf"  ./src/sd_io.o ./src/spi_io.o ./src/xspi_polled_example.o   -Wl,--start-group,-lxil,-lgcc,-lc,--end-group
'Finished building target: TestingSD_bsp_xspi_polled_example_1.elf'
' '
'Invoking: MicroBlaze Print Size'
mb-size TestingSD_bsp_xspi_polled_example_1.elf  |tee "TestingSD_bsp_xspi_polled_example_1.elf.size"
   text	   data	    bss	    dec	    hex	filename
  21480	    340	   3284	  25104	   6210	TestingSD_bsp_xspi_polled_example_1.elf
'Finished building: TestingSD_bsp_xspi_polled_example_1.elf.size'
' '
16:41:25 **** Auto Build of configuration Debug for project TestingSD_bsp_xspi_polled_example_1 ****
make all 
'Building file: ../src/xspi_polled_example.c'
'Invoking: MicroBlaze gcc compiler'
mb-gcc -Wall -O0 -g3 -c -fmessage-length=0 -MT"src/xspi_polled_example.o" -I../../TestingSD_bsp/microblaze_0/include -mlittle-endian -mcpu=v10.0 -mxl-soft-mul -Wl,--no-relax -MMD -MP -MF"src/xspi_polled_example.d" -MT"src/xspi_polled_example.o" -o "src/xspi_polled_example.o" "../src/xspi_polled_example.c"
../src/xspi_polled_example.c: In function 'main':
../src/xspi_polled_example.c:76:6: warning: unused variable 'Status' [-Wunused-variable]
  int Status;
      ^
'Finished building: ../src/xspi_polled_example.c'
' '
'Building target: TestingSD_bsp_xspi_polled_example_1.elf'
'Invoking: MicroBlaze gcc linker'
mb-gcc -Wl,-T -Wl,../src/lscript.ld -L../../TestingSD_bsp/microblaze_0/lib -mlittle-endian -mcpu=v10.0 -mxl-soft-mul -Wl,--no-relax -o "TestingSD_bsp_xspi_polled_example_1.elf"  ./src/sd_io.o ./src/spi_io.o ./src/xspi_polled_example.o   -Wl,--start-group,-lxil,-lgcc,-lc,--end-group
'Finished building target: TestingSD_bsp_xspi_polled_example_1.elf'
' '
'Invoking: MicroBlaze Print Size'
mb-size TestingSD_bsp_xspi_polled_example_1.elf  |tee "TestingSD_bsp_xspi_polled_example_1.elf.size"
   text	   data	    bss	    dec	    hex	filename
  21480	    340	   3284	  25104	   6210	TestingSD_bsp_xspi_polled_example_1.elf
'Finished building: TestingSD_bsp_xspi_polled_example_1.elf.size'
' '
16:41:27 **** Incremental Build of configuration Debug for project TestingSD_bsp_xspi_polled_example_1 ****
make all 
make: Nothing to be done for `all'.
16:42:04 **** Incremental Build of configuration Debug for project TestingSD_bsp_xspi_polled_example_1 ****
make all 
make: Nothing to be done for `all'.
16:43:25 **** Auto Build of configuration Debug for project TestingSD_bsp_xspi_polled_example_1 ****
make all 
'Building file: ../src/xspi_polled_example.c'
'Invoking: MicroBlaze gcc compiler'
mb-gcc -Wall -O0 -g3 -c -fmessage-length=0 -MT"src/xspi_polled_example.o" -I../../TestingSD_bsp/microblaze_0/include -mlittle-endian -mcpu=v10.0 -mxl-soft-mul -Wl,--no-relax -MMD -MP -MF"src/xspi_polled_example.d" -MT"src/xspi_polled_example.o" -o "src/xspi_polled_example.o" "../src/xspi_polled_example.c"
../src/xspi_polled_example.c: In function 'main':
../src/xspi_polled_example.c:76:6: warning: unused variable 'Status' [-Wunused-variable]
  int Status;
      ^
'Finished building: ../src/xspi_polled_example.c'
' '
'Building target: TestingSD_bsp_xspi_polled_example_1.elf'
'Invoking: MicroBlaze gcc linker'
mb-gcc -Wl,-T -Wl,../src/lscript.ld -L../../TestingSD_bsp/microblaze_0/lib -mlittle-endian -mcpu=v10.0 -mxl-soft-mul -Wl,--no-relax -o "TestingSD_bsp_xspi_polled_example_1.elf"  ./src/sd_io.o ./src/spi_io.o ./src/xspi_polled_example.o   -Wl,--start-group,-lxil,-lgcc,-lc,--end-group
'Finished building target: TestingSD_bsp_xspi_polled_example_1.elf'
' '
'Invoking: MicroBlaze Print Size'
mb-size TestingSD_bsp_xspi_polled_example_1.elf  |tee "TestingSD_bsp_xspi_polled_example_1.elf.size"
   text	   data	    bss	    dec	    hex	filename
  21480	    340	   3284	  25104	   6210	TestingSD_bsp_xspi_polled_example_1.elf
'Finished building: TestingSD_bsp_xspi_polled_example_1.elf.size'
' '
16:43:27 **** Incremental Build of configuration Debug for project TestingSD_bsp_xspi_polled_example_1 ****
make all 
make: Nothing to be done for `all'.
16:43:46 **** Incremental Build of configuration Debug for project TestingSD_bsp_xspi_polled_example_1 ****
make all 
make: Nothing to be done for `all'.
16:44:18 **** Auto Build of configuration Debug for project TestingSD_bsp_xspi_polled_example_1 ****
make all 
'Building file: ../src/xspi_polled_example.c'
'Invoking: MicroBlaze gcc compiler'
mb-gcc -Wall -O0 -g3 -c -fmessage-length=0 -MT"src/xspi_polled_example.o" -I../../TestingSD_bsp/microblaze_0/include -mlittle-endian -mcpu=v10.0 -mxl-soft-mul -Wl,--no-relax -MMD -MP -MF"src/xspi_polled_example.d" -MT"src/xspi_polled_example.o" -o "src/xspi_polled_example.o" "../src/xspi_polled_example.c"
../src/xspi_polled_example.c: In function 'main':
../src/xspi_polled_example.c:76:6: warning: unused variable 'Status' [-Wunused-variable]
  int Status;
      ^
'Finished building: ../src/xspi_polled_example.c'
' '
'Building target: TestingSD_bsp_xspi_polled_example_1.elf'
'Invoking: MicroBlaze gcc linker'
mb-gcc -Wl,-T -Wl,../src/lscript.ld -L../../TestingSD_bsp/microblaze_0/lib -mlittle-endian -mcpu=v10.0 -mxl-soft-mul -Wl,--no-relax -o "TestingSD_bsp_xspi_polled_example_1.elf"  ./src/sd_io.o ./src/spi_io.o ./src/xspi_polled_example.o   -Wl,--start-group,-lxil,-lgcc,-lc,--end-group
'Finished building target: TestingSD_bsp_xspi_polled_example_1.elf'
' '
'Invoking: MicroBlaze Print Size'
mb-size TestingSD_bsp_xspi_polled_example_1.elf  |tee "TestingSD_bsp_xspi_polled_example_1.elf.size"
   text	   data	    bss	    dec	    hex	filename
  21480	    340	   3284	  25104	   6210	TestingSD_bsp_xspi_polled_example_1.elf
'Finished building: TestingSD_bsp_xspi_polled_example_1.elf.size'
' '
16:46:01 **** Auto Build of configuration Debug for project TestingSD_bsp_xspi_polled_example_1 ****
make all 
'Building file: ../src/xspi_polled_example.c'
'Invoking: MicroBlaze gcc compiler'
mb-gcc -Wall -O0 -g3 -c -fmessage-length=0 -MT"src/xspi_polled_example.o" -I../../TestingSD_bsp/microblaze_0/include -mlittle-endian -mcpu=v10.0 -mxl-soft-mul -Wl,--no-relax -MMD -MP -MF"src/xspi_polled_example.d" -MT"src/xspi_polled_example.o" -o "src/xspi_polled_example.o" "../src/xspi_polled_example.c"
../src/xspi_polled_example.c: In function 'main':
../src/xspi_polled_example.c:76:6: warning: unused variable 'Status' [-Wunused-variable]
  int Status;
      ^
'Finished building: ../src/xspi_polled_example.c'
' '
'Building target: TestingSD_bsp_xspi_polled_example_1.elf'
'Invoking: MicroBlaze gcc linker'
mb-gcc -Wl,-T -Wl,../src/lscript.ld -L../../TestingSD_bsp/microblaze_0/lib -mlittle-endian -mcpu=v10.0 -mxl-soft-mul -Wl,--no-relax -o "TestingSD_bsp_xspi_polled_example_1.elf"  ./src/sd_io.o ./src/spi_io.o ./src/xspi_polled_example.o   -Wl,--start-group,-lxil,-lgcc,-lc,--end-group
'Finished building target: TestingSD_bsp_xspi_polled_example_1.elf'
' '
'Invoking: MicroBlaze Print Size'
mb-size TestingSD_bsp_xspi_polled_example_1.elf  |tee "TestingSD_bsp_xspi_polled_example_1.elf.size"
   text	   data	    bss	    dec	    hex	filename
  21480	    340	   3284	  25104	   6210	TestingSD_bsp_xspi_polled_example_1.elf
'Finished building: TestingSD_bsp_xspi_polled_example_1.elf.size'
' '
16:46:37 **** Incremental Build of configuration Debug for project TestingSD_bsp_xspi_polled_example_1 ****
make all 
make: Nothing to be done for `all'.
16:47:16 **** Auto Build of configuration Debug for project TestingSD_bsp_xspi_polled_example_1 ****
make all 
'Building file: ../src/xspi_polled_example.c'
'Invoking: MicroBlaze gcc compiler'
mb-gcc -Wall -O0 -g3 -c -fmessage-length=0 -MT"src/xspi_polled_example.o" -I../../TestingSD_bsp/microblaze_0/include -mlittle-endian -mcpu=v10.0 -mxl-soft-mul -Wl,--no-relax -MMD -MP -MF"src/xspi_polled_example.d" -MT"src/xspi_polled_example.o" -o "src/xspi_polled_example.o" "../src/xspi_polled_example.c"
../src/xspi_polled_example.c: In function 'main':
../src/xspi_polled_example.c:104:14: warning: unused variable 'bram' [-Wunused-variable]
    int i=0, *bram;
              ^
../src/xspi_polled_example.c:76:6: warning: unused variable 'Status' [-Wunused-variable]
  int Status;
      ^
'Finished building: ../src/xspi_polled_example.c'
' '
'Building target: TestingSD_bsp_xspi_polled_example_1.elf'
'Invoking: MicroBlaze gcc linker'
mb-gcc -Wl,-T -Wl,../src/lscript.ld -L../../TestingSD_bsp/microblaze_0/lib -mlittle-endian -mcpu=v10.0 -mxl-soft-mul -Wl,--no-relax -o "TestingSD_bsp_xspi_polled_example_1.elf"  ./src/sd_io.o ./src/spi_io.o ./src/xspi_polled_example.o   -Wl,--start-group,-lxil,-lgcc,-lc,--end-group
'Finished building target: TestingSD_bsp_xspi_polled_example_1.elf'
' '
'Invoking: MicroBlaze Print Size'
mb-size TestingSD_bsp_xspi_polled_example_1.elf  |tee "TestingSD_bsp_xspi_polled_example_1.elf.size"
   text	   data	    bss	    dec	    hex	filename
  21480	    340	   3284	  25104	   6210	TestingSD_bsp_xspi_polled_example_1.elf
'Finished building: TestingSD_bsp_xspi_polled_example_1.elf.size'
' '
16:47:32 **** Auto Build of configuration Debug for project TestingSD_bsp_xspi_polled_example_1 ****
make all 
'Building file: ../src/xspi_polled_example.c'
'Invoking: MicroBlaze gcc compiler'
mb-gcc -Wall -O0 -g3 -c -fmessage-length=0 -MT"src/xspi_polled_example.o" -I../../TestingSD_bsp/microblaze_0/include -mlittle-endian -mcpu=v10.0 -mxl-soft-mul -Wl,--no-relax -MMD -MP -MF"src/xspi_polled_example.d" -MT"src/xspi_polled_example.o" -o "src/xspi_polled_example.o" "../src/xspi_polled_example.c"
../src/xspi_polled_example.c: In function 'main':
../src/xspi_polled_example.c:104:21: warning: initialization makes pointer from integer without a cast [-Wint-conversion]
    int i=0, *bram = 0xC0000000;
                     ^
../src/xspi_polled_example.c:104:14: warning: unused variable 'bram' [-Wunused-variable]
    int i=0, *bram = 0xC0000000;
              ^
../src/xspi_polled_example.c:76:6: warning: unused variable 'Status' [-Wunused-variable]
  int Status;
      ^
'Finished building: ../src/xspi_polled_example.c'
' '
'Building target: TestingSD_bsp_xspi_polled_example_1.elf'
'Invoking: MicroBlaze gcc linker'
mb-gcc -Wl,-T -Wl,../src/lscript.ld -L../../TestingSD_bsp/microblaze_0/lib -mlittle-endian -mcpu=v10.0 -mxl-soft-mul -Wl,--no-relax -o "TestingSD_bsp_xspi_polled_example_1.elf"  ./src/sd_io.o ./src/spi_io.o ./src/xspi_polled_example.o   -Wl,--start-group,-lxil,-lgcc,-lc,--end-group
'Finished building target: TestingSD_bsp_xspi_polled_example_1.elf'
' '
'Invoking: MicroBlaze Print Size'
mb-size TestingSD_bsp_xspi_polled_example_1.elf  |tee "TestingSD_bsp_xspi_polled_example_1.elf.size"
   text	   data	    bss	    dec	    hex	filename
  21492	    340	   3288	  25120	   6220	TestingSD_bsp_xspi_polled_example_1.elf
'Finished building: TestingSD_bsp_xspi_polled_example_1.elf.size'
' '
16:48:03 **** Auto Build of configuration Debug for project TestingSD_bsp_xspi_polled_example_1 ****
make all 
'Building file: ../src/xspi_polled_example.c'
'Invoking: MicroBlaze gcc compiler'
mb-gcc -Wall -O0 -g3 -c -fmessage-length=0 -MT"src/xspi_polled_example.o" -I../../TestingSD_bsp/microblaze_0/include -mlittle-endian -mcpu=v10.0 -mxl-soft-mul -Wl,--no-relax -MMD -MP -MF"src/xspi_polled_example.d" -MT"src/xspi_polled_example.o" -o "src/xspi_polled_example.o" "../src/xspi_polled_example.c"
../src/xspi_polled_example.c: In function 'main':
../src/xspi_polled_example.c:104:21: warning: initialization makes pointer from integer without a cast [-Wint-conversion]
    int i=0, *bram = 0xC0000000;
                     ^
../src/xspi_polled_example.c:76:6: warning: unused variable 'Status' [-Wunused-variable]
  int Status;
      ^
'Finished building: ../src/xspi_polled_example.c'
' '
'Building target: TestingSD_bsp_xspi_polled_example_1.elf'
'Invoking: MicroBlaze gcc linker'
mb-gcc -Wl,-T -Wl,../src/lscript.ld -L../../TestingSD_bsp/microblaze_0/lib -mlittle-endian -mcpu=v10.0 -mxl-soft-mul -Wl,--no-relax -o "TestingSD_bsp_xspi_polled_example_1.elf"  ./src/sd_io.o ./src/spi_io.o ./src/xspi_polled_example.o   -Wl,--start-group,-lxil,-lgcc,-lc,--end-group
'Finished building target: TestingSD_bsp_xspi_polled_example_1.elf'
' '
'Invoking: MicroBlaze Print Size'
mb-size TestingSD_bsp_xspi_polled_example_1.elf  |tee "TestingSD_bsp_xspi_polled_example_1.elf.size"
   text	   data	    bss	    dec	    hex	filename
  21536	    340	   3284	  25160	   6248	TestingSD_bsp_xspi_polled_example_1.elf
'Finished building: TestingSD_bsp_xspi_polled_example_1.elf.size'
' '
16:48:09 **** Incremental Build of configuration Debug for project TestingSD_bsp_xspi_polled_example_1 ****
make all 
make: Nothing to be done for `all'.
16:51:43 **** Incremental Build of configuration Debug for project TestingSD_bsp_xspi_polled_example_1 ****
make all 
make: Nothing to be done for `all'.
16:53:04 **** Auto Build of configuration Debug for project TestingSD_bsp_xspi_polled_example_1 ****
make all 
'Building file: ../src/xspi_polled_example.c'
'Invoking: MicroBlaze gcc compiler'
mb-gcc -Wall -O0 -g3 -c -fmessage-length=0 -MT"src/xspi_polled_example.o" -I../../TestingSD_bsp/microblaze_0/include -mlittle-endian -mcpu=v10.0 -mxl-soft-mul -Wl,--no-relax -MMD -MP -MF"src/xspi_polled_example.d" -MT"src/xspi_polled_example.o" -o "src/xspi_polled_example.o" "../src/xspi_polled_example.c"
../src/xspi_polled_example.c: In function 'main':
../src/xspi_polled_example.c:104:21: warning: initialization makes pointer from integer without a cast [-Wint-conversion]
    int i=0, *bram = 0xC0000000;
                     ^
../src/xspi_polled_example.c:76:6: warning: unused variable 'Status' [-Wunused-variable]
  int Status;
      ^
'Finished building: ../src/xspi_polled_example.c'
' '
'Building target: TestingSD_bsp_xspi_polled_example_1.elf'
'Invoking: MicroBlaze gcc linker'
mb-gcc -Wl,-T -Wl,../src/lscript.ld -L../../TestingSD_bsp/microblaze_0/lib -mlittle-endian -mcpu=v10.0 -mxl-soft-mul -Wl,--no-relax -o "TestingSD_bsp_xspi_polled_example_1.elf"  ./src/sd_io.o ./src/spi_io.o ./src/xspi_polled_example.o   -Wl,--start-group,-lxil,-lgcc,-lc,--end-group
'Finished building target: TestingSD_bsp_xspi_polled_example_1.elf'
' '
'Invoking: MicroBlaze Print Size'
mb-size TestingSD_bsp_xspi_polled_example_1.elf  |tee "TestingSD_bsp_xspi_polled_example_1.elf.size"
   text	   data	    bss	    dec	    hex	filename
  21556	    340	   3288	  25184	   6260	TestingSD_bsp_xspi_polled_example_1.elf
'Finished building: TestingSD_bsp_xspi_polled_example_1.elf.size'
' '
16:53:14 **** Auto Build of configuration Debug for project TestingSD_bsp_xspi_polled_example_1 ****
make all 
'Building file: ../src/xspi_polled_example.c'
'Invoking: MicroBlaze gcc compiler'
mb-gcc -Wall -O0 -g3 -c -fmessage-length=0 -MT"src/xspi_polled_example.o" -I../../TestingSD_bsp/microblaze_0/include -mlittle-endian -mcpu=v10.0 -mxl-soft-mul -Wl,--no-relax -MMD -MP -MF"src/xspi_polled_example.d" -MT"src/xspi_polled_example.o" -o "src/xspi_polled_example.o" "../src/xspi_polled_example.c"
../src/xspi_polled_example.c: In function 'main':
[...]
'Finished building target: TestingSD_bsp_xspi_polled_example_1.elf'
' '
'Invoking: MicroBlaze Print Size'
mb-size TestingSD_bsp_xspi_polled_example_1.elf  |tee "TestingSD_bsp_xspi_polled_example_1.elf.size"
   text	   data	    bss	    dec	    hex	filename
  22980	    340	   3288	  26608	   67f0	TestingSD_bsp_xspi_polled_example_1.elf
'Finished building: TestingSD_bsp_xspi_polled_example_1.elf.size'
' '
02:59:58 **** Incremental Build of configuration Debug for project TestingSD_bsp_xspi_polled_example_1 ****
make all 
make: Nothing to be done for `all'.
03:00:13 **** Auto Build of configuration Debug for project TestingSD_bsp_xspi_polled_example_1 ****
make all 
'Building file: ../src/xspi_polled_example.c'
'Invoking: MicroBlaze gcc compiler'
mb-gcc -Wall -O0 -g3 -c -fmessage-length=0 -MT"src/xspi_polled_example.o" -I../../TestingSD_bsp/microblaze_0/include -mlittle-endian -mcpu=v10.0 -mxl-soft-mul -Wl,--no-relax -MMD -MP -MF"src/xspi_polled_example.d" -MT"src/xspi_polled_example.o" -o "src/xspi_polled_example.o" "../src/xspi_polled_example.c"
../src/xspi_polled_example.c: In function 'main':
../src/xspi_polled_example.c:76:6: warning: unused variable 'Status' [-Wunused-variable]
  int Status;
      ^
'Finished building: ../src/xspi_polled_example.c'
' '
'Building target: TestingSD_bsp_xspi_polled_example_1.elf'
'Invoking: MicroBlaze gcc linker'
mb-gcc -Wl,-T -Wl,../src/lscript.ld -L../../TestingSD_bsp/microblaze_0/lib -mlittle-endian -mcpu=v10.0 -mxl-soft-mul -Wl,--no-relax -o "TestingSD_bsp_xspi_polled_example_1.elf"  ./src/sd_io.o ./src/spi_io.o ./src/xspi_polled_example.o   -Wl,--start-group,-lxil,-lgcc,-lc,--end-group
'Finished building target: TestingSD_bsp_xspi_polled_example_1.elf'
' '
'Invoking: MicroBlaze Print Size'
mb-size TestingSD_bsp_xspi_polled_example_1.elf  |tee "TestingSD_bsp_xspi_polled_example_1.elf.size"
   text	   data	    bss	    dec	    hex	filename
  22980	    340	   3288	  26608	   67f0	TestingSD_bsp_xspi_polled_example_1.elf
'Finished building: TestingSD_bsp_xspi_polled_example_1.elf.size'
' '
03:00:28 **** Incremental Build of configuration Debug for project TestingSD_bsp_xspi_polled_example_1 ****
make all 
make: Nothing to be done for `all'.
03:00:59 **** Auto Build of configuration Debug for project TestingSD_bsp_xspi_polled_example_1 ****
make all 
'Building file: ../src/xspi_polled_example.c'
'Invoking: MicroBlaze gcc compiler'
mb-gcc -Wall -O0 -g3 -c -fmessage-length=0 -MT"src/xspi_polled_example.o" -I../../TestingSD_bsp/microblaze_0/include -mlittle-endian -mcpu=v10.0 -mxl-soft-mul -Wl,--no-relax -MMD -MP -MF"src/xspi_polled_example.d" -MT"src/xspi_polled_example.o" -o "src/xspi_polled_example.o" "../src/xspi_polled_example.c"
../src/xspi_polled_example.c: In function 'main':
../src/xspi_polled_example.c:76:6: warning: unused variable 'Status' [-Wunused-variable]
  int Status;
      ^
'Finished building: ../src/xspi_polled_example.c'
' '
'Building target: TestingSD_bsp_xspi_polled_example_1.elf'
'Invoking: MicroBlaze gcc linker'
mb-gcc -Wl,-T -Wl,../src/lscript.ld -L../../TestingSD_bsp/microblaze_0/lib -mlittle-endian -mcpu=v10.0 -mxl-soft-mul -Wl,--no-relax -o "TestingSD_bsp_xspi_polled_example_1.elf"  ./src/sd_io.o ./src/spi_io.o ./src/xspi_polled_example.o   -Wl,--start-group,-lxil,-lgcc,-lc,--end-group
'Finished building target: TestingSD_bsp_xspi_polled_example_1.elf'
' '
'Invoking: MicroBlaze Print Size'
mb-size TestingSD_bsp_xspi_polled_example_1.elf  |tee "TestingSD_bsp_xspi_polled_example_1.elf.size"
   text	   data	    bss	    dec	    hex	filename
  22980	    340	   3288	  26608	   67f0	TestingSD_bsp_xspi_polled_example_1.elf
'Finished building: TestingSD_bsp_xspi_polled_example_1.elf.size'
' '
03:01:08 **** Auto Build of configuration Debug for project TestingSD_bsp_xspi_polled_example_1 ****
make all 
'Building file: ../src/xspi_polled_example.c'
'Invoking: MicroBlaze gcc compiler'
mb-gcc -Wall -O0 -g3 -c -fmessage-length=0 -MT"src/xspi_polled_example.o" -I../../TestingSD_bsp/microblaze_0/include -mlittle-endian -mcpu=v10.0 -mxl-soft-mul -Wl,--no-relax -MMD -MP -MF"src/xspi_polled_example.d" -MT"src/xspi_polled_example.o" -o "src/xspi_polled_example.o" "../src/xspi_polled_example.c"
../src/xspi_polled_example.c: In function 'main':
../src/xspi_polled_example.c:76:6: warning: unused variable 'Status' [-Wunused-variable]
  int Status;
      ^
'Finished building: ../src/xspi_polled_example.c'
' '
'Building target: TestingSD_bsp_xspi_polled_example_1.elf'
'Invoking: MicroBlaze gcc linker'
mb-gcc -Wl,-T -Wl,../src/lscript.ld -L../../TestingSD_bsp/microblaze_0/lib -mlittle-endian -mcpu=v10.0 -mxl-soft-mul -Wl,--no-relax -o "TestingSD_bsp_xspi_polled_example_1.elf"  ./src/sd_io.o ./src/spi_io.o ./src/xspi_polled_example.o   -Wl,--start-group,-lxil,-lgcc,-lc,--end-group
'Finished building target: TestingSD_bsp_xspi_polled_example_1.elf'
' '
'Invoking: MicroBlaze Print Size'
mb-size TestingSD_bsp_xspi_polled_example_1.elf  |tee "TestingSD_bsp_xspi_polled_example_1.elf.size"
   text	   data	    bss	    dec	    hex	filename
  22940	    340	   3288	  26568	   67c8	TestingSD_bsp_xspi_polled_example_1.elf
'Finished building: TestingSD_bsp_xspi_polled_example_1.elf.size'
' '
03:01:16 **** Auto Build of configuration Debug for project TestingSD_bsp_xspi_polled_example_1 ****
make all 
'Building file: ../src/xspi_polled_example.c'
'Invoking: MicroBlaze gcc compiler'
mb-gcc -Wall -O0 -g3 -c -fmessage-length=0 -MT"src/xspi_polled_example.o" -I../../TestingSD_bsp/microblaze_0/include -mlittle-endian -mcpu=v10.0 -mxl-soft-mul -Wl,--no-relax -MMD -MP -MF"src/xspi_polled_example.d" -MT"src/xspi_polled_example.o" -o "src/xspi_polled_example.o" "../src/xspi_polled_example.c"
../src/xspi_polled_example.c: In function 'main':
../src/xspi_polled_example.c:76:6: warning: unused variable 'Status' [-Wunused-variable]
  int Status;
      ^
'Finished building: ../src/xspi_polled_example.c'
' '
'Building target: TestingSD_bsp_xspi_polled_example_1.elf'
'Invoking: MicroBlaze gcc linker'
mb-gcc -Wl,-T -Wl,../src/lscript.ld -L../../TestingSD_bsp/microblaze_0/lib -mlittle-endian -mcpu=v10.0 -mxl-soft-mul -Wl,--no-relax -o "TestingSD_bsp_xspi_polled_example_1.elf"  ./src/sd_io.o ./src/spi_io.o ./src/xspi_polled_example.o   -Wl,--start-group,-lxil,-lgcc,-lc,--end-group
'Finished building target: TestingSD_bsp_xspi_polled_example_1.elf'
' '
'Invoking: MicroBlaze Print Size'
mb-size TestingSD_bsp_xspi_polled_example_1.elf  |tee "TestingSD_bsp_xspi_polled_example_1.elf.size"
   text	   data	    bss	    dec	    hex	filename
  22936	    340	   3284	  26560	   67c0	TestingSD_bsp_xspi_polled_example_1.elf
'Finished building: TestingSD_bsp_xspi_polled_example_1.elf.size'
' '
03:01:17 **** Auto Build of configuration Debug for project TestingSD_bsp_xspi_polled_example_1 ****
make all 
'Building file: ../src/xspi_polled_example.c'
'Invoking: MicroBlaze gcc compiler'
mb-gcc -Wall -O0 -g3 -c -fmessage-length=0 -MT"src/xspi_polled_example.o" -I../../TestingSD_bsp/microblaze_0/include -mlittle-endian -mcpu=v10.0 -mxl-soft-mul -Wl,--no-relax -MMD -MP -MF"src/xspi_polled_example.d" -MT"src/xspi_polled_example.o" -o "src/xspi_polled_example.o" "../src/xspi_polled_example.c"
../src/xspi_polled_example.c: In function 'main':
../src/xspi_polled_example.c:76:6: warning: unused variable 'Status' [-Wunused-variable]
  int Status;
      ^
'Finished building: ../src/xspi_polled_example.c'
' '
03:01:39 **** Auto Build of configuration Debug for project TestingSD_bsp_xspi_polled_example_1 ****
make all 
'Building file: ../src/xspi_polled_example.c'
'Invoking: MicroBlaze gcc compiler'
mb-gcc -Wall -O0 -g3 -c -fmessage-length=0 -MT"src/xspi_polled_example.o" -I../../TestingSD_bsp/microblaze_0/include -mlittle-endian -mcpu=v10.0 -mxl-soft-mul -Wl,--no-relax -MMD -MP -MF"src/xspi_polled_example.d" -MT"src/xspi_polled_example.o" -o "src/xspi_polled_example.o" "../src/xspi_polled_example.c"
../src/xspi_polled_example.c: In function 'main':
../src/xspi_polled_example.c:76:6: warning: unused variable 'Status' [-Wunused-variable]
  int Status;
      ^
'Finished building: ../src/xspi_polled_example.c'
' '
'Building target: TestingSD_bsp_xspi_polled_example_1.elf'
'Invoking: MicroBlaze gcc linker'
mb-gcc -Wl,-T -Wl,../src/lscript.ld -L../../TestingSD_bsp/microblaze_0/lib -mlittle-endian -mcpu=v10.0 -mxl-soft-mul -Wl,--no-relax -o "TestingSD_bsp_xspi_polled_example_1.elf"  ./src/sd_io.o ./src/spi_io.o ./src/xspi_polled_example.o   -Wl,--start-group,-lxil,-lgcc,-lc,--end-group
'Finished building target: TestingSD_bsp_xspi_polled_example_1.elf'
' '
'Invoking: MicroBlaze Print Size'
mb-size TestingSD_bsp_xspi_polled_example_1.elf  |tee "TestingSD_bsp_xspi_polled_example_1.elf.size"
   text	   data	    bss	    dec	    hex	filename
  22952	    340	   3284	  26576	   67d0	TestingSD_bsp_xspi_polled_example_1.elf
'Finished building: TestingSD_bsp_xspi_polled_example_1.elf.size'
' '
03:01:40 **** Incremental Build of configuration Debug for project TestingSD_bsp_xspi_polled_example_1 ****
make all 
make: Nothing to be done for `all'.
03:02:08 **** Incremental Build of configuration Debug for project TestingSD_bsp_xspi_polled_example_1 ****
make all 
'Building file: ../src/xspi_polled_example.c'
'Invoking: MicroBlaze gcc compiler'
mb-gcc -Wall -O0 -g3 -c -fmessage-length=0 -MT"src/xspi_polled_example.o" -I../../TestingSD_bsp/microblaze_0/include -mlittle-endian -mcpu=v10.0 -mxl-soft-mul -Wl,--no-relax -MMD -MP -MF"src/xspi_polled_example.d" -MT"src/xspi_polled_example.o" -o "src/xspi_polled_example.o" "../src/xspi_polled_example.c"
../src/xspi_polled_example.c: In function 'main':
../src/xspi_polled_example.c:76:6: warning: unused variable 'Status' [-Wunused-variable]
  int Status;
      ^
'Finished building: ../src/xspi_polled_example.c'
' '
'Building target: TestingSD_bsp_xspi_polled_example_1.elf'
'Invoking: MicroBlaze gcc linker'
mb-gcc -Wl,-T -Wl,../src/lscript.ld -L../../TestingSD_bsp/microblaze_0/lib -mlittle-endian -mcpu=v10.0 -mxl-soft-mul -Wl,--no-relax -o "TestingSD_bsp_xspi_polled_example_1.elf"  ./src/sd_io.o ./src/spi_io.o ./src/xspi_polled_example.o   -Wl,--start-group,-lxil,-lgcc,-lc,--end-group
'Finished building target: TestingSD_bsp_xspi_polled_example_1.elf'
' '
'Invoking: MicroBlaze Print Size'
mb-size TestingSD_bsp_xspi_polled_example_1.elf  |tee "TestingSD_bsp_xspi_polled_example_1.elf.size"
   text	   data	    bss	    dec	    hex	filename
  22956	    340	   3288	  26584	   67d8	TestingSD_bsp_xspi_polled_example_1.elf
'Finished building: TestingSD_bsp_xspi_polled_example_1.elf.size'
' '
03:02:31 **** Auto Build of configuration Debug for project TestingSD_bsp_xspi_polled_example_1 ****
make all 
'Building file: ../src/xspi_polled_example.c'
'Invoking: MicroBlaze gcc compiler'
mb-gcc -Wall -O0 -g3 -c -fmessage-length=0 -MT"src/xspi_polled_example.o" -I../../TestingSD_bsp/microblaze_0/include -mlittle-endian -mcpu=v10.0 -mxl-soft-mul -Wl,--no-relax -MMD -MP -MF"src/xspi_polled_example.d" -MT"src/xspi_polled_example.o" -o "src/xspi_polled_example.o" "../src/xspi_polled_example.c"
../src/xspi_polled_example.c: In function 'main':
../src/xspi_polled_example.c:76:6: warning: unused variable 'Status' [-Wunused-variable]
  int Status;
      ^
'Finished building: ../src/xspi_polled_example.c'
' '
'Building target: TestingSD_bsp_xspi_polled_example_1.elf'
'Invoking: MicroBlaze gcc linker'
mb-gcc -Wl,-T -Wl,../src/lscript.ld -L../../TestingSD_bsp/microblaze_0/lib -mlittle-endian -mcpu=v10.0 -mxl-soft-mul -Wl,--no-relax -o "TestingSD_bsp_xspi_polled_example_1.elf"  ./src/sd_io.o ./src/spi_io.o ./src/xspi_polled_example.o   -Wl,--start-group,-lxil,-lgcc,-lc,--end-group
'Finished building target: TestingSD_bsp_xspi_polled_example_1.elf'
' '
'Invoking: MicroBlaze Print Size'
mb-size TestingSD_bsp_xspi_polled_example_1.elf  |tee "TestingSD_bsp_xspi_polled_example_1.elf.size"
   text	   data	    bss	    dec	    hex	filename
  22952	    340	   3284	  26576	   67d0	TestingSD_bsp_xspi_polled_example_1.elf
'Finished building: TestingSD_bsp_xspi_polled_example_1.elf.size'
' '
03:02:36 **** Auto Build of configuration Debug for project TestingSD_bsp_xspi_polled_example_1 ****
make all 
'Building file: ../src/xspi_polled_example.c'
'Invoking: MicroBlaze gcc compiler'
mb-gcc -Wall -O0 -g3 -c -fmessage-length=0 -MT"src/xspi_polled_example.o" -I../../TestingSD_bsp/microblaze_0/include -mlittle-endian -mcpu=v10.0 -mxl-soft-mul -Wl,--no-relax -MMD -MP -MF"src/xspi_polled_example.d" -MT"src/xspi_polled_example.o" -o "src/xspi_polled_example.o" "../src/xspi_polled_example.c"
../src/xspi_polled_example.c: In function 'main':
../src/xspi_polled_example.c:76:6: warning: unused variable 'Status' [-Wunused-variable]
  int Status;
      ^
'Finished building: ../src/xspi_polled_example.c'
' '
'Building target: TestingSD_bsp_xspi_polled_example_1.elf'
'Invoking: MicroBlaze gcc linker'
mb-gcc -Wl,-T -Wl,../src/lscript.ld -L../../TestingSD_bsp/microblaze_0/lib -mlittle-endian -mcpu=v10.0 -mxl-soft-mul -Wl,--no-relax -o "TestingSD_bsp_xspi_polled_example_1.elf"  ./src/sd_io.o ./src/spi_io.o ./src/xspi_polled_example.o   -Wl,--start-group,-lxil,-lgcc,-lc,--end-group
'Finished building target: TestingSD_bsp_xspi_polled_example_1.elf'
' '
'Invoking: MicroBlaze Print Size'
mb-size TestingSD_bsp_xspi_polled_example_1.elf  |tee "TestingSD_bsp_xspi_polled_example_1.elf.size"
   text	   data	    bss	    dec	    hex	filename
  22952	    340	   3284	  26576	   67d0	TestingSD_bsp_xspi_polled_example_1.elf
'Finished building: TestingSD_bsp_xspi_polled_example_1.elf.size'
' '
03:02:45 **** Incremental Build of configuration Debug for project TestingSD_bsp_xspi_polled_example_1 ****
make all 
make: Nothing to be done for `all'.
13:02:09 **** Incremental Build of configuration Debug for project TestingSD_bsp_xspi_polled_example_1 ****
make all 
make: Nothing to be done for `all'.
13:03:34 **** Incremental Build of configuration Debug for project TestingSD_bsp_xspi_polled_example_1 ****
make all 
make: Nothing to be done for `all'.
13:03:36 **** Incremental Build of configuration Debug for project TestingSD_bsp_xspi_polled_example_1 ****
make all 
make: Nothing to be done for `all'.
13:03:42 **** Incremental Build of configuration Debug for project 1024 ****
make all 
make: Nothing to be done for `all'.
13:04:01 **** Incremental Build of configuration Debug for project 1024 ****
make all 
make: Nothing to be done for `all'.
13:04:05 **** Auto Build of configuration Debug for project 1024 ****
make all 
'Building file: ../src/1024.c'
'Invoking: MicroBlaze gcc compiler'
mb-gcc -Wall -O0 -g3 -c -fmessage-length=0 -MT"src/1024.o" -I../../1024_bsp/microblaze_0/include -mlittle-endian -mcpu=v10.0 -mxl-soft-mul -Wl,--no-relax -MMD -MP -MF"src/1024.d" -MT"src/1024.o" -o "src/1024.o" "../src/1024.c"
'Finished building: ../src/1024.c'
' '
'Building target: 1024.elf'
'Invoking: MicroBlaze gcc linker'
mb-gcc -Wl,-T -Wl,../src/lscript.ld -L../../1024_bsp/microblaze_0/lib -mlittle-endian -mcpu=v10.0 -mxl-soft-mul -Wl,--no-relax -o "1024.elf"  ./src/1024.o ./src/platform.o   -Wl,--start-group,-lxil,-lgcc,-lc,--end-group
'Finished building target: 1024.elf'
' '
'Invoking: MicroBlaze Print Size'
mb-size 1024.elf  |tee "1024.elf.size"
   text	   data	    bss	    dec	    hex	filename
   6216	    296	   3120	   9632	   25a0	1024.elf
'Finished building: 1024.elf.size'
' '
13:04:12 **** Incremental Build of configuration Debug for project hello ****
make all 
make: Nothing to be done for `all'.
13:04:54 **** Auto Build of configuration Debug for project hello ****
make all 
'Building file: ../src/helloworld.c'
'Invoking: MicroBlaze gcc compiler'
mb-gcc -Wall -O0 -g3 -c -fmessage-length=0 -MT"src/helloworld.o" -I../../hello_bsp/microblaze_0/include -mlittle-endian -mcpu=v10.0 -mxl-soft-mul -Wl,--no-relax -MMD -MP -MF"src/helloworld.d" -MT"src/helloworld.o" -o "src/helloworld.o" "../src/helloworld.c"
'Finished building: ../src/helloworld.c'
' '
'Building target: hello.elf'
'Invoking: MicroBlaze gcc linker'
mb-gcc -Wl,-T -Wl,../src/lscript.ld -L../../hello_bsp/microblaze_0/lib -mlittle-endian -mcpu=v10.0 -mxl-soft-mul -Wl,--no-relax -o "hello.elf"  ./src/helloworld.o ./src/platform.o   -Wl,--start-group,-lxil,-lgcc,-lc,--end-group
'Finished building target: hello.elf'
' '
'Invoking: MicroBlaze Print Size'
mb-size hello.elf  |tee "hello.elf.size"
   text	   data	    bss	    dec	    hex	filename
  16132	   1336	   3188	  20656	   50b0	hello.elf
'Finished building: hello.elf.size'
' '
13:05:13 **** Auto Build of configuration Debug for project hello ****
make all 
'Building file: ../src/helloworld.c'
'Invoking: MicroBlaze gcc compiler'
mb-gcc -Wall -O0 -g3 -c -fmessage-length=0 -MT"src/helloworld.o" -I../../hello_bsp/microblaze_0/include -mlittle-endian -mcpu=v10.0 -mxl-soft-mul -Wl,--no-relax -MMD -MP -MF"src/helloworld.d" -MT"src/helloworld.o" -o "src/helloworld.o" "../src/helloworld.c"
'Finished building: ../src/helloworld.c'
' '
'Building target: hello.elf'
'Invoking: MicroBlaze gcc linker'
mb-gcc -Wl,-T -Wl,../src/lscript.ld -L../../hello_bsp/microblaze_0/lib -mlittle-endian -mcpu=v10.0 -mxl-soft-mul -Wl,--no-relax -o "hello.elf"  ./src/helloworld.o ./src/platform.o   -Wl,--start-group,-lxil,-lgcc,-lc,--end-group
'Finished building target: hello.elf'
' '
'Invoking: MicroBlaze Print Size'
mb-size hello.elf  |tee "hello.elf.size"
   text	   data	    bss	    dec	    hex	filename
  16204	   1336	   3188	  20728	   50f8	hello.elf
'Finished building: hello.elf.size'
' '
13:05:14 **** Incremental Build of configuration Debug for project hello ****
make all 
make: Nothing to be done for `all'.
13:05:37 **** Incremental Build of configuration Debug for project TestingSD_bsp_xspi_polled_example_1 ****
make all 
make: Nothing to be done for `all'.
13:05:53 **** Incremental Build of configuration Debug for project TestingSD_bsp_xspi_polled_example_1 ****
make all 
make: Nothing to be done for `all'.
13:10:39 **** Incremental Build of configuration Debug for project TestingSD_bsp_xspi_polled_example_1 ****
make all 
'Building file: ../src/xspi_polled_example.c'
'Invoking: MicroBlaze gcc compiler'
mb-gcc -Wall -O0 -g3 -c -fmessage-length=0 -MT"src/xspi_polled_example.o" -I../../TestingSD_bsp/microblaze_0/include -mlittle-endian -mcpu=v10.0 -mxl-soft-mul -Wl,--no-relax -MMD -MP -MF"src/xspi_polled_example.d" -MT"src/xspi_polled_example.o" -o "src/xspi_polled_example.o" "../src/xspi_polled_example.c"
../src/xspi_polled_example.c: In function 'main':
../src/xspi_polled_example.c:76:6: warning: unused variable 'Status' [-Wunused-variable]
  int Status;
      ^
'Finished building: ../src/xspi_polled_example.c'
' '
'Building target: TestingSD_bsp_xspi_polled_example_1.elf'
'Invoking: MicroBlaze gcc linker'
mb-gcc -Wl,-T -Wl,../src/lscript.ld -L../../TestingSD_bsp/microblaze_0/lib -mlittle-endian -mcpu=v10.0 -mxl-soft-mul -Wl,--no-relax -o "TestingSD_bsp_xspi_polled_example_1.elf"  ./src/sd_io.o ./src/spi_io.o ./src/xspi_polled_example.o   -Wl,--start-group,-lxil,-lgcc,-lc,--end-group
'Finished building target: TestingSD_bsp_xspi_polled_example_1.elf'
' '
'Invoking: MicroBlaze Print Size'
mb-size TestingSD_bsp_xspi_polled_example_1.elf  |tee "TestingSD_bsp_xspi_polled_example_1.elf.size"
   text	   data	    bss	    dec	    hex	filename
  22940	    340	   3288	  26568	   67c8	TestingSD_bsp_xspi_polled_example_1.elf
'Finished building: TestingSD_bsp_xspi_polled_example_1.elf.size'
' '
13:12:21 **** Incremental Build of configuration Debug for project TestingSD_bsp_xspi_polled_example_1 ****
make all 
make: Nothing to be done for `all'.
13:12:49 **** Incremental Build of configuration Debug for project 1024 ****
make all 
make: Nothing to be done for `all'.
